Mar 15 00:00:22 analyst-VirtualBox kernel: [ 2892.160300] audit: type=1400 audit(1615780822.611:41): apparmor="DENIED" operation="capable" profile="/usr/sbin/cups-browsed" pid=4314 comm="cups-browsed" capability=23  capname="sys_nice"
Mar 15 00:00:22 analyst-VirtualBox systemd[1]: logrotate.service: Succeeded.
Mar 15 00:00:22 analyst-VirtualBox systemd[1]: Finished Rotate log files.
Mar 15 00:00:22 analyst-VirtualBox systemd[1]: man-db.service: Succeeded.
Mar 15 00:00:22 analyst-VirtualBox systemd[1]: Finished Daily man-db regeneration.
Mar 15 00:00:52 analyst-VirtualBox systemd-resolved[572]: Server returned error NXDOMAIN, mitigating potential DNS violation DVE-2018-0001, retrying transaction with reduced feature level UDP.
Mar 15 00:05:52 analyst-VirtualBox systemd-resolved[572]: Server returned error NXDOMAIN, mitigating potential DNS violation DVE-2018-0001, retrying transaction with reduced feature level UDP.
Mar 15 00:09:54 analyst-VirtualBox systemd[1]: Starting Daily apt download activities...
Mar 15 00:09:55 analyst-VirtualBox systemd-resolved[572]: Server returned error NXDOMAIN, mitigating potential DNS violation DVE-2018-0001, retrying transaction with reduced feature level UDP.
Mar 15 00:09:55 analyst-VirtualBox systemd-resolved[572]: Server returned error NXDOMAIN, mitigating potential DNS violation DVE-2018-0001, retrying transaction with reduced feature level UDP.
Mar 15 00:09:59 analyst-VirtualBox dbus-daemon[600]: [system] Activating via systemd: service name='org.freedesktop.PackageKit' unit='packagekit.service' requested by ':1.119' (uid=0 pid=4743 comm="/usr/bin/gdbus call --system --dest org.freedeskto" label="unconfined")
Mar 15 00:09:59 analyst-VirtualBox systemd[1]: Starting PackageKit Daemon...
Mar 15 00:09:59 analyst-VirtualBox PackageKit: daemon start
Mar 15 00:09:59 analyst-VirtualBox dbus-daemon[600]: [system] Successfully activated service 'org.freedesktop.PackageKit'
Mar 15 00:09:59 analyst-VirtualBox systemd[1]: Started PackageKit Daemon.
Mar 15 00:10:52 analyst-VirtualBox systemd-resolved[572]: Server returned error NXDOMAIN, mitigating potential DNS violation DVE-2018-0001, retrying transaction with reduced feature level UDP.
Mar 15 00:11:17 analyst-VirtualBox update-notifier.desktop[5357]: /var/lib/dpkg/lock:
Mar 15 00:11:46 analyst-VirtualBox systemd-resolved[572]: Server returned error NXDOMAIN, mitigating potential DNS violation DVE-2018-0001, retrying transaction with reduced feature level UDP.
Mar 15 00:13:19 analyst-VirtualBox systemd[1]: apt-daily.service: Succeeded.
Mar 15 00:13:19 analyst-VirtualBox systemd[1]: Finished Daily apt download activities.
Mar 15 00:14:39 analyst-VirtualBox dbus-daemon[600]: [system] Activating via systemd: service name='net.reactivated.Fprint' unit='fprintd.service' requested by ':1.81' (uid=1000 pid=1803 comm="/usr/bin/gnome-shell " label="unconfined")
Mar 15 00:14:39 analyst-VirtualBox systemd[1]: Starting Fingerprint Authentication Daemon...
Mar 15 00:14:39 analyst-VirtualBox dbus-daemon[600]: [system] Successfully activated service 'net.reactivated.Fprint'
Mar 15 00:14:39 analyst-VirtualBox systemd[1]: Started Fingerprint Authentication Daemon.
Mar 15 00:14:41 analyst-VirtualBox NetworkManager[604]: <info>  [1615781681.3205] agent-manager: agent[36c75d8822f2cf93,:1.81/org.gnome.Shell.NetworkAgent/1000]: agent registered
Mar 15 00:14:42 analyst-VirtualBox gnome-shell[1803]: Window manager warning: Overwriting existing binding of keysym 31 with keysym 31 (keycode a).
Mar 15 00:14:42 analyst-VirtualBox gnome-shell[1803]: Window manager warning: Overwriting existing binding of keysym 38 with keysym 38 (keycode 11).
Mar 15 00:14:42 analyst-VirtualBox gnome-shell[1803]: Window manager warning: Overwriting existing binding of keysym 39 with keysym 39 (keycode 12).
Mar 15 00:14:42 analyst-VirtualBox gnome-shell[1803]: Window manager warning: Overwriting existing binding of keysym 32 with keysym 32 (keycode b).
Mar 15 00:14:42 analyst-VirtualBox gnome-shell[1803]: Window manager warning: Overwriting existing binding of keysym 33 with keysym 33 (keycode c).
Mar 15 00:14:42 analyst-VirtualBox gnome-shell[1803]: Window manager warning: Overwriting existing binding of keysym 34 with keysym 34 (keycode d).
Mar 15 00:14:42 analyst-VirtualBox gnome-shell[1803]: Window manager warning: Overwriting existing binding of keysym 35 with keysym 35 (keycode e).
Mar 15 00:14:42 analyst-VirtualBox gnome-shell[1803]: Window manager warning: Overwriting existing binding of keysym 36 with keysym 36 (keycode f).
Mar 15 00:14:42 analyst-VirtualBox gnome-shell[1803]: Window manager warning: Overwriting existing binding of keysym 37 with keysym 37 (keycode 10).
Mar 15 00:15:04 analyst-VirtualBox PackageKit: daemon quit
Mar 15 00:15:04 analyst-VirtualBox systemd[1]: packagekit.service: Succeeded.
Mar 15 00:15:09 analyst-VirtualBox systemd[1]: fprintd.service: Succeeded.
Mar 15 00:15:52 analyst-VirtualBox systemd-resolved[572]: Server returned error NXDOMAIN, mitigating potential DNS violation DVE-2018-0001, retrying transaction with reduced feature level UDP.
Mar 15 00:17:01 analyst-VirtualBox CRON[5499]: (root) CMD (   cd / && run-parts --report /etc/cron.hourly)
Mar 15 00:20:52 analyst-VirtualBox systemd-resolved[572]: Server returned error NXDOMAIN, mitigating potential DNS violation DVE-2018-0001, retrying transaction with reduced feature level UDP.
Mar 15 00:25:52 analyst-VirtualBox systemd-resolved[572]: Server returned error NXDOMAIN, mitigating potential DNS violation DVE-2018-0001, retrying transaction with reduced feature level UDP.
Mar 15 00:30:52 analyst-VirtualBox systemd-resolved[572]: Server returned error NXDOMAIN, mitigating potential DNS violation DVE-2018-0001, retrying transaction with reduced feature level UDP.
Mar 15 00:32:59 analyst-VirtualBox dbus-daemon[600]: [system] Activating via systemd: service name='net.reactivated.Fprint' unit='fprintd.service' requested by ':1.81' (uid=1000 pid=1803 comm="/usr/bin/gnome-shell " label="unconfined")
Mar 15 00:32:59 analyst-VirtualBox systemd[1]: Starting Fingerprint Authentication Daemon...
Mar 15 00:33:00 analyst-VirtualBox dbus-daemon[600]: [system] Successfully activated service 'net.reactivated.Fprint'
Mar 15 00:33:00 analyst-VirtualBox systemd[1]: Started Fingerprint Authentication Daemon.
Mar 15 00:33:02 analyst-VirtualBox NetworkManager[604]: <info>  [1615782782.1566] agent-manager: agent[38f1cd4d0b3d9ae6,:1.81/org.gnome.Shell.NetworkAgent/1000]: agent registered
Mar 15 00:33:03 analyst-VirtualBox gnome-shell[1803]: Window manager warning: Overwriting existing binding of keysym 31 with keysym 31 (keycode a).
Mar 15 00:33:03 analyst-VirtualBox gnome-shell[1803]: Window manager warning: Overwriting existing binding of keysym 32 with keysym 32 (keycode b).
Mar 15 00:33:03 analyst-VirtualBox gnome-shell[1803]: Window manager warning: Overwriting existing binding of keysym 33 with keysym 33 (keycode c).
Mar 15 00:33:03 analyst-VirtualBox gnome-shell[1803]: Window manager warning: Overwriting existing binding of keysym 34 with keysym 34 (keycode d).
Mar 15 00:33:03 analyst-VirtualBox gnome-shell[1803]: Window manager warning: Overwriting existing binding of keysym 35 with keysym 35 (keycode e).
Mar 15 00:33:03 analyst-VirtualBox gnome-shell[1803]: Window manager warning: Overwriting existing binding of keysym 36 with keysym 36 (keycode f).
Mar 15 00:33:03 analyst-VirtualBox gnome-shell[1803]: Window manager warning: Overwriting existing binding of keysym 38 with keysym 38 (keycode 11).
Mar 15 00:33:03 analyst-VirtualBox gnome-shell[1803]: Window manager warning: Overwriting existing binding of keysym 39 with keysym 39 (keycode 12).
Mar 15 00:33:03 analyst-VirtualBox gnome-shell[1803]: Window manager warning: Overwriting existing binding of keysym 37 with keysym 37 (keycode 10).
Mar 15 00:33:24 analyst-VirtualBox rtkit-daemon[1109]: Supervising 4 threads of 2 processes of 1 users.
Mar 15 00:33:24 analyst-VirtualBox rtkit-daemon[1109]: Supervising 4 threads of 2 processes of 1 users.
Mar 15 00:33:30 analyst-VirtualBox systemd[1]: fprintd.service: Succeeded.
Mar 15 00:33:47 analyst-VirtualBox dbus-daemon[1487]: [session uid=1000 pid=1487] Activating via systemd: service name='org.freedesktop.Tracker1' unit='tracker-store.service' requested by ':1.1' (uid=1000 pid=1484 comm="/usr/libexec/tracker-miner-fs " label="unconfined")
Mar 15 00:33:47 analyst-VirtualBox systemd[1465]: Starting Tracker metadata database store and lookup manager...
Mar 15 00:33:47 analyst-VirtualBox dbus-daemon[1487]: [session uid=1000 pid=1487] Successfully activated service 'org.freedesktop.Tracker1'
Mar 15 00:33:47 analyst-VirtualBox systemd[1465]: Started Tracker metadata database store and lookup manager.
Mar 15 00:33:48 analyst-VirtualBox rtkit-daemon[1109]: Supervising 4 threads of 2 processes of 1 users.
Mar 15 00:33:48 analyst-VirtualBox rtkit-daemon[1109]: Supervising 4 threads of 2 processes of 1 users.
Mar 15 00:33:48 analyst-VirtualBox dbus-daemon[1487]: [session uid=1000 pid=1487] Activating via systemd: service name='org.freedesktop.Tracker1.Miner.Extract' unit='tracker-extract.service' requested by ':1.1' (uid=1000 pid=1484 comm="/usr/libexec/tracker-miner-fs " label="unconfined")
Mar 15 00:33:48 analyst-VirtualBox systemd[1465]: Starting Tracker metadata extractor...
Mar 15 00:33:48 analyst-VirtualBox tracker-extract[5957]: Set scheduler policy to SCHED_IDLE
Mar 15 00:33:48 analyst-VirtualBox tracker-extract[5957]: Setting priority nice level to 19
Mar 15 00:33:49 analyst-VirtualBox dbus-daemon[1487]: [session uid=1000 pid=1487] Successfully activated service 'org.freedesktop.Tracker1.Miner.Extract'
Mar 15 00:33:49 analyst-VirtualBox systemd[1465]: Started Tracker metadata extractor.
Mar 15 00:33:59 analyst-VirtualBox systemd[1465]: tracker-extract.service: Succeeded.
Mar 15 00:34:19 analyst-VirtualBox tracker-store[5916]: OK
Mar 15 00:34:19 analyst-VirtualBox systemd[1465]: tracker-store.service: Succeeded.
Mar 15 00:34:36 analyst-VirtualBox dbus-daemon[1487]: [session uid=1000 pid=1487] Activating via systemd: service name='org.freedesktop.Tracker1' unit='tracker-store.service' requested by ':1.1' (uid=1000 pid=1484 comm="/usr/libexec/tracker-miner-fs " label="unconfined")
Mar 15 00:34:36 analyst-VirtualBox systemd[1465]: Starting Tracker metadata database store and lookup manager...
Mar 15 00:34:36 analyst-VirtualBox dbus-daemon[1487]: [session uid=1000 pid=1487] Successfully activated service 'org.freedesktop.Tracker1'
Mar 15 00:34:36 analyst-VirtualBox systemd[1465]: Started Tracker metadata database store and lookup manager.
Mar 15 00:35:13 analyst-VirtualBox tracker-store[6220]: OK
Mar 15 00:35:13 analyst-VirtualBox systemd[1465]: tracker-store.service: Succeeded.
Mar 15 00:35:52 analyst-VirtualBox systemd-resolved[572]: Server returned error NXDOMAIN, mitigating potential DNS violation DVE-2018-0001, retrying transaction with reduced feature level UDP.
Mar 15 01:00:52 analyst-VirtualBox systemd-resolved[572]: message repeated 5 times: [ Server returned error NXDOMAIN, mitigating potential DNS violation DVE-2018-0001, retrying transaction with reduced feature level UDP.]
Mar 15 01:04:35 analyst-VirtualBox dbus-daemon[600]: [system] Activating via systemd: service name='net.reactivated.Fprint' unit='fprintd.service' requested by ':1.81' (uid=1000 pid=1803 comm="/usr/bin/gnome-shell " label="unconfined")
Mar 15 01:04:35 analyst-VirtualBox systemd[1]: Starting Fingerprint Authentication Daemon...
Mar 15 01:04:35 analyst-VirtualBox dbus-daemon[600]: [system] Successfully activated service 'net.reactivated.Fprint'
Mar 15 01:04:35 analyst-VirtualBox systemd[1]: Started Fingerprint Authentication Daemon.
Mar 15 01:04:37 analyst-VirtualBox NetworkManager[604]: <info>  [1615784677.8346] agent-manager: agent[76d0a8dff0b3eb38,:1.81/org.gnome.Shell.NetworkAgent/1000]: agent registered
Mar 15 01:04:39 analyst-VirtualBox gnome-shell[1803]: Window manager warning: Overwriting existing binding of keysym 37 with keysym 37 (keycode 10).
Mar 15 01:04:39 analyst-VirtualBox gnome-shell[1803]: Window manager warning: Overwriting existing binding of keysym 31 with keysym 31 (keycode a).
Mar 15 01:04:39 analyst-VirtualBox gnome-shell[1803]: Window manager warning: Overwriting existing binding of keysym 32 with keysym 32 (keycode b).
Mar 15 01:04:39 analyst-VirtualBox gnome-shell[1803]: Window manager warning: Overwriting existing binding of keysym 33 with keysym 33 (keycode c).
Mar 15 01:04:39 analyst-VirtualBox gnome-shell[1803]: Window manager warning: Overwriting existing binding of keysym 38 with keysym 38 (keycode 11).
Mar 15 01:04:39 analyst-VirtualBox gnome-shell[1803]: Window manager warning: Overwriting existing binding of keysym 39 with keysym 39 (keycode 12).
Mar 15 01:04:39 analyst-VirtualBox gnome-shell[1803]: Window manager warning: Overwriting existing binding of keysym 34 with keysym 34 (keycode d).
Mar 15 01:04:39 analyst-VirtualBox gnome-shell[1803]: Window manager warning: Overwriting existing binding of keysym 35 with keysym 35 (keycode e).
Mar 15 01:04:39 analyst-VirtualBox gnome-shell[1803]: Window manager warning: Overwriting existing binding of keysym 36 with keysym 36 (keycode f).
Mar 15 01:04:49 analyst-VirtualBox rtkit-daemon[1109]: Supervising 4 threads of 2 processes of 1 users.
Mar 15 01:04:49 analyst-VirtualBox rtkit-daemon[1109]: Supervising 4 threads of 2 processes of 1 users.
Mar 15 01:04:52 analyst-VirtualBox dbus-daemon[1487]: [session uid=1000 pid=1487] Activating via systemd: service name='org.freedesktop.Tracker1' unit='tracker-store.service' requested by ':1.1' (uid=1000 pid=1484 comm="/usr/libexec/tracker-miner-fs " label="unconfined")
Mar 15 01:04:52 analyst-VirtualBox systemd[1465]: Starting Tracker metadata database store and lookup manager...
Mar 15 01:04:52 analyst-VirtualBox dbus-daemon[1487]: [session uid=1000 pid=1487] Successfully activated service 'org.freedesktop.Tracker1'
Mar 15 01:04:52 analyst-VirtualBox systemd[1465]: Started Tracker metadata database store and lookup manager.
Mar 15 01:05:00 analyst-VirtualBox gnome-shell[1803]: Window manager warning: Buggy client sent a _NET_ACTIVE_WINDOW message with a timestamp of 0 for 0x4000007
Mar 15 01:05:02 analyst-VirtualBox kernel: [ 6772.467465] audit: type=1400 audit(1615784702.970:42): apparmor="ALLOWED" operation="connect" profile="libreoffice-oopslash" name="/tmp/OSL_PIPE_1000_SingleOfficeIPC_fefd50d671d031a34425bd62bd99c18f" pid=6521 comm="oosplash" requested_mask="wr" denied_mask="wr" fsuid=1000 ouid=1000
Mar 15 01:05:02 analyst-VirtualBox kernel: [ 6772.467470] audit: type=1400 audit(1615784702.970:43): apparmor="ALLOWED" operation="file_perm" profile="libreoffice-oopslash" name="/tmp/OSL_PIPE_1000_SingleOfficeIPC_fefd50d671d031a34425bd62bd99c18f" pid=6521 comm="oosplash" requested_mask="r" denied_mask="r" fsuid=1000 ouid=1000
Mar 15 01:05:02 analyst-VirtualBox kernel: [ 6772.467473] audit: type=1400 audit(1615784702.970:44): apparmor="ALLOWED" operation="file_perm" profile="libreoffice-oopslash" name="/tmp/OSL_PIPE_1000_SingleOfficeIPC_fefd50d671d031a34425bd62bd99c18f" pid=6521 comm="oosplash" requested_mask="r" denied_mask="r" fsuid=1000 ouid=1000
Mar 15 01:05:02 analyst-VirtualBox kernel: [ 6772.467475] audit: type=1400 audit(1615784702.970:45): apparmor="ALLOWED" operation="file_perm" profile="libreoffice-oopslash" name="/tmp/OSL_PIPE_1000_SingleOfficeIPC_fefd50d671d031a34425bd62bd99c18f" pid=6521 comm="oosplash" requested_mask="w" denied_mask="w" fsuid=1000 ouid=1000
Mar 15 01:05:02 analyst-VirtualBox kernel: [ 6772.467477] audit: type=1400 audit(1615784702.970:46): apparmor="ALLOWED" operation="file_perm" profile="libreoffice-oopslash" name="/tmp/OSL_PIPE_1000_SingleOfficeIPC_fefd50d671d031a34425bd62bd99c18f" pid=6521 comm="oosplash" requested_mask="w" denied_mask="w" fsuid=1000 ouid=1000
Mar 15 01:05:03 analyst-VirtualBox gnome-shell[1803]: Window manager warning: Invalid WM_TRANSIENT_FOR window 0x3802689 specified for 0x38026b1.
Mar 15 01:05:06 analyst-VirtualBox systemd[1]: fprintd.service: Succeeded.
Mar 15 01:05:11 analyst-VirtualBox dbus-daemon[600]: [system] Activating via systemd: service name='org.freedesktop.hostname1' unit='dbus-org.freedesktop.hostname1.service' requested by ':1.133' (uid=1000 pid=6507 comm="file-roller /home/analyst/Downloads/FL_insurance_s" label="unconfined")
Mar 15 01:05:11 analyst-VirtualBox systemd[1]: Starting Hostname Service...
Mar 15 01:05:11 analyst-VirtualBox dbus-daemon[600]: [system] Successfully activated service 'org.freedesktop.hostname1'
Mar 15 01:05:11 analyst-VirtualBox systemd[1]: Started Hostname Service.
Mar 15 01:05:11 analyst-VirtualBox systemd-resolved[572]: Server returned error NXDOMAIN, mitigating potential DNS violation DVE-2018-0001, retrying transaction with reduced feature level UDP.
Mar 15 01:05:13 analyst-VirtualBox systemd-resolved[572]: message repeated 3 times: [ Server returned error NXDOMAIN, mitigating potential DNS violation DVE-2018-0001, retrying transaction with reduced feature level UDP.]
Mar 15 01:05:16 analyst-VirtualBox dbus-daemon[1487]: [session uid=1000 pid=1487] Activating via systemd: service name='org.freedesktop.Tracker1.Miner.Extract' unit='tracker-extract.service' requested by ':1.1' (uid=1000 pid=1484 comm="/usr/libexec/tracker-miner-fs " label="unconfined")
Mar 15 01:05:16 analyst-VirtualBox systemd[1465]: Starting Tracker metadata extractor...
Mar 15 01:05:16 analyst-VirtualBox tracker-extract[6601]: Set scheduler policy to SCHED_IDLE
Mar 15 01:05:16 analyst-VirtualBox tracker-extract[6601]: Setting priority nice level to 19
Mar 15 01:05:16 analyst-VirtualBox dbus-daemon[1487]: [session uid=1000 pid=1487] Successfully activated service 'org.freedesktop.Tracker1.Miner.Extract'
Mar 15 01:05:16 analyst-VirtualBox systemd[1465]: Started Tracker metadata extractor.
Mar 15 01:05:26 analyst-VirtualBox systemd[1465]: tracker-extract.service: Succeeded.
Mar 15 01:05:26 analyst-VirtualBox kernel: [ 6796.202252] audit: type=1400 audit(1615784726.702:47): apparmor="ALLOWED" operation="connect" profile="libreoffice-oopslash" name="/tmp/OSL_PIPE_1000_SingleOfficeIPC_fefd50d671d031a34425bd62bd99c18f" pid=6622 comm="oosplash" requested_mask="wr" denied_mask="wr" fsuid=1000 ouid=1000
Mar 15 01:05:26 analyst-VirtualBox kernel: [ 6796.202256] audit: type=1400 audit(1615784726.702:48): apparmor="ALLOWED" operation="file_perm" profile="libreoffice-oopslash" name="/tmp/OSL_PIPE_1000_SingleOfficeIPC_fefd50d671d031a34425bd62bd99c18f" pid=6622 comm="oosplash" requested_mask="r" denied_mask="r" fsuid=1000 ouid=1000
Mar 15 01:05:26 analyst-VirtualBox kernel: [ 6796.202258] audit: type=1400 audit(1615784726.702:49): apparmor="ALLOWED" operation="file_perm" profile="libreoffice-oopslash" name="/tmp/OSL_PIPE_1000_SingleOfficeIPC_fefd50d671d031a34425bd62bd99c18f" pid=6622 comm="oosplash" requested_mask="r" denied_mask="r" fsuid=1000 ouid=1000
Mar 15 01:05:26 analyst-VirtualBox kernel: [ 6796.202566] audit: type=1400 audit(1615784726.702:50): apparmor="ALLOWED" operation="file_perm" profile="libreoffice-oopslash" name="/tmp/OSL_PIPE_1000_SingleOfficeIPC_fefd50d671d031a34425bd62bd99c18f" pid=6622 comm="oosplash" requested_mask="w" denied_mask="w" fsuid=1000 ouid=1000
Mar 15 01:05:26 analyst-VirtualBox kernel: [ 6796.202570] audit: type=1400 audit(1615784726.702:51): apparmor="ALLOWED" operation="file_perm" profile="libreoffice-oopslash" name="/tmp/OSL_PIPE_1000_SingleOfficeIPC_fefd50d671d031a34425bd62bd99c18f" pid=6622 comm="oosplash" requested_mask="w" denied_mask="w" fsuid=1000 ouid=1000
Mar 15 01:05:27 analyst-VirtualBox gnome-shell[1803]: Window manager warning: Invalid WM_TRANSIENT_FOR window 0x3802e05 specified for 0x3802e2d.
Mar 15 01:05:41 analyst-VirtualBox systemd[1]: systemd-hostnamed.service: Succeeded.
Mar 15 01:05:52 analyst-VirtualBox systemd-resolved[572]: Server returned error NXDOMAIN, mitigating potential DNS violation DVE-2018-0001, retrying transaction with reduced feature level UDP.
Mar 15 01:06:03 analyst-VirtualBox tracker-store[6496]: OK
Mar 15 01:06:03 analyst-VirtualBox systemd[1465]: tracker-store.service: Succeeded.
Mar 15 01:10:52 analyst-VirtualBox systemd-resolved[572]: Server returned error NXDOMAIN, mitigating potential DNS violation DVE-2018-0001, retrying transaction with reduced feature level UDP.
Mar 15 01:45:45 analyst-VirtualBox systemd-modules-load[263]: Inserted module 'lp'
Mar 15 01:45:45 analyst-VirtualBox systemd-modules-load[263]: Inserted module 'ppdev'
Mar 15 01:45:45 analyst-VirtualBox systemd-modules-load[263]: Inserted module 'parport_pc'
Mar 15 01:45:45 analyst-VirtualBox systemd-modules-load[263]: Module 'fuse' is built in
Mar 15 01:45:45 analyst-VirtualBox systemd[1]: Starting Flush Journal to Persistent Storage...
Mar 15 01:45:45 analyst-VirtualBox systemd-modules-load[263]: Inserted module 'vmwgfx'
Mar 15 01:45:45 analyst-VirtualBox systemd[1]: Finished Load Kernel Modules.
Mar 15 01:45:45 analyst-VirtualBox systemd[1]: Mounting FUSE Control File System...
Mar 15 01:45:45 analyst-VirtualBox systemd[1]: Mounting Kernel Configuration File System...
Mar 15 01:45:45 analyst-VirtualBox systemd[1]: Starting Apply Kernel Variables...
Mar 15 01:45:45 analyst-VirtualBox systemd[1]: Mounted FUSE Control File System.
Mar 15 01:45:45 analyst-VirtualBox systemd[1]: Condition check resulted in VMware vmblock fuse mount being skipped.
Mar 15 01:45:45 analyst-VirtualBox systemd[1]: Mounted Kernel Configuration File System.
Mar 15 01:45:45 analyst-VirtualBox systemd[1]: Finished Set the console keyboard layout.
Mar 15 01:45:45 analyst-VirtualBox systemd[1]: Reached target Local File Systems (Pre).
Mar 15 01:45:45 analyst-VirtualBox systemd[1]: Mounting Mount unit for core18, revision 1944...
Mar 15 01:45:45 analyst-VirtualBox systemd[1]: Mounting Mount unit for core18, revision 1988...
Mar 15 01:45:45 analyst-VirtualBox systemd-sysctl[289]: Not setting net/ipv4/conf/all/promote_secondaries (explicit setting exists).
Mar 15 01:45:45 analyst-VirtualBox systemd-sysctl[289]: Not setting net/ipv4/conf/default/promote_secondaries (explicit setting exists).
Mar 15 01:45:45 analyst-VirtualBox systemd[1]: Mounting Mount unit for gnome-3-34-1804, revision 60...
Mar 15 01:45:45 analyst-VirtualBox systemd[1]: Mounting Mount unit for gnome-3-34-1804, revision 66...
Mar 15 01:45:45 analyst-VirtualBox systemd[1]: Mounting Mount unit for gtk-common-themes, revision 1506...
Mar 15 01:45:45 analyst-VirtualBox systemd[1]: Mounting Mount unit for gtk-common-themes, revision 1514...
Mar 15 01:45:45 analyst-VirtualBox systemd[1]: Mounting Mount unit for snap-store, revision 467...
Mar 15 01:45:45 analyst-VirtualBox systemd[1]: Mounting Mount unit for snap-store, revision 518...
Mar 15 01:45:45 analyst-VirtualBox systemd[1]: Mounting Mount unit for snapd, revision 10492...
Mar 15 01:45:45 analyst-VirtualBox systemd[1]: Mounting Mount unit for snapd, revision 11107...
Mar 15 01:45:45 analyst-VirtualBox systemd[1]: Finished Flush Journal to Persistent Storage.
Mar 15 01:45:45 analyst-VirtualBox systemd[1]: Finished Apply Kernel Variables.
Mar 15 01:45:45 analyst-VirtualBox systemd[1]: Started udev Kernel Device Manager.
Mar 15 01:45:45 analyst-VirtualBox systemd[1]: Starting Show Plymouth Boot Screen...
Mar 15 01:45:45 analyst-VirtualBox systemd[1]: Mounted Mount unit for gtk-common-themes, revision 1506.
Mar 15 01:45:45 analyst-VirtualBox systemd[1]: Mounted Mount unit for gnome-3-34-1804, revision 66.
Mar 15 01:45:45 analyst-VirtualBox systemd[1]: Mounted Mount unit for core18, revision 1944.
Mar 15 01:45:45 analyst-VirtualBox systemd[1]: Received SIGRTMIN+20 from PID 329 (plymouthd).
Mar 15 01:45:45 analyst-VirtualBox systemd[1]: Started Show Plymouth Boot Screen.
Mar 15 01:45:45 analyst-VirtualBox systemd[1]: Condition check resulted in Dispatch Password Requests to Console Directory Watch being skipped.
Mar 15 01:45:45 analyst-VirtualBox systemd[1]: Started Forward Password Requests to Plymouth Directory Watch.
Mar 15 01:45:45 analyst-VirtualBox systemd[1]: Reached target Local Encrypted Volumes.
Mar 15 01:45:45 analyst-VirtualBox systemd[1]: Mounted Mount unit for core18, revision 1988.
Mar 15 01:45:45 analyst-VirtualBox systemd[1]: Mounted Mount unit for gnome-3-34-1804, revision 60.
Mar 15 01:45:45 analyst-VirtualBox systemd[1]: Mounted Mount unit for snap-store, revision 518.
Mar 15 01:45:45 analyst-VirtualBox systemd[1]: Mounted Mount unit for snapd, revision 11107.
Mar 15 01:45:45 analyst-VirtualBox systemd[1]: Mounted Mount unit for gtk-common-themes, revision 1514.
Mar 15 01:45:45 analyst-VirtualBox systemd[1]: Mounted Mount unit for snapd, revision 10492.
Mar 15 01:45:45 analyst-VirtualBox kernel: [    0.000000] Linux version 5.4.0-58-generic (buildd@lcy01-amd64-004) (gcc version 9.3.0 (Ubuntu 9.3.0-17ubuntu1~20.04)) #64-Ubuntu SMP Wed Dec 9 08:16:25 UTC 2020 (Ubuntu 5.4.0-58.64-generic 5.4.73)
Mar 15 01:45:45 analyst-VirtualBox systemd[1]: Mounted Mount unit for snap-store, revision 467.
Mar 15 01:45:45 analyst-VirtualBox systemd-udevd[337]: Using default interface naming scheme 'v245'.
Mar 15 01:45:45 analyst-VirtualBox systemd-udevd[337]: ethtool: autonegotiation is unset or enabled, the speed and duplex are not writable.
Mar 15 01:45:45 analyst-VirtualBox mtp-probe: checking bus 1, device 2: "/sys/devices/pci0000:00/0000:00:06.0/usb1/1-1"
Mar 15 01:45:45 analyst-VirtualBox kernel: [    0.000000] Command line: BOOT_IMAGE=/boot/vmlinuz-5.4.0-58-generic root=UUID=a6cb141f-d5b3-4d79-b1e0-1285e01e8728 ro quiet splash
Mar 15 01:45:45 analyst-VirtualBox mtp-probe: bus: 1, device: 2 was not an MTP device
Mar 15 01:45:45 analyst-VirtualBox kernel: [    0.000000] KERNEL supported cpus:
Mar 15 01:45:45 analyst-VirtualBox kernel: [    0.000000]   Intel GenuineIntel
Mar 15 01:45:45 analyst-VirtualBox kernel: [    0.000000]   AMD AuthenticAMD
Mar 15 01:45:45 analyst-VirtualBox kernel: [    0.000000]   Hygon HygonGenuine
Mar 15 01:45:45 analyst-VirtualBox systemd-udevd[319]: ethtool: autonegotiation is unset or enabled, the speed and duplex are not writable.
Mar 15 01:45:45 analyst-VirtualBox kernel: [    0.000000]   Centaur CentaurHauls
Mar 15 01:45:45 analyst-VirtualBox kernel: [    0.000000]   zhaoxin   Shanghai  
Mar 15 01:45:45 analyst-VirtualBox kernel: [    0.000000] x86/fpu: Supporting XSAVE feature 0x001: 'x87 floating point registers'
Mar 15 01:45:45 analyst-VirtualBox systemd[1]: Listening on Load/Save RF Kill Switch Status /dev/rfkill Watch.
Mar 15 01:45:45 analyst-VirtualBox kernel: [    0.000000] x86/fpu: Supporting XSAVE feature 0x002: 'SSE registers'
Mar 15 01:45:45 analyst-VirtualBox kernel: [    0.000000] x86/fpu: Supporting XSAVE feature 0x004: 'AVX registers'
Mar 15 01:45:45 analyst-VirtualBox kernel: [    0.000000] x86/fpu: xstate_offset[2]:  576, xstate_sizes[2]:  256
Mar 15 01:45:45 analyst-VirtualBox kernel: [    0.000000] x86/fpu: Enabled xstate features 0x7, context size is 832 bytes, using 'standard' format.
Mar 15 01:45:45 analyst-VirtualBox systemd[1]: Condition check resulted in Dispatch Password Requests to Console Directory Watch being skipped.
Mar 15 01:45:45 analyst-VirtualBox systemd[1]: Condition check resulted in Set Up Additional Binary Formats being skipped.
Mar 15 01:45:45 analyst-VirtualBox kernel: [    0.000000] BIOS-provided physical RAM map:
Mar 15 01:45:45 analyst-VirtualBox kernel: [    0.000000] BIOS-e820: [mem 0x0000000000000000-0x000000000009fbff] usable
Mar 15 01:45:45 analyst-VirtualBox kernel: [    0.000000] BIOS-e820: [mem 0x000000000009fc00-0x000000000009ffff] reserved
Mar 15 01:45:45 analyst-VirtualBox kernel: [    0.000000] BIOS-e820: [mem 0x00000000000f0000-0x00000000000fffff] reserved
Mar 15 01:45:45 analyst-VirtualBox systemd[1]: Condition check resulted in File System Check on Root Device being skipped.
Mar 15 01:45:45 analyst-VirtualBox kernel: [    0.000000] BIOS-e820: [mem 0x0000000000100000-0x00000000dffeffff] usable
Mar 15 01:45:45 analyst-VirtualBox kernel: [    0.000000] BIOS-e820: [mem 0x00000000dfff0000-0x00000000dfffffff] ACPI data
Mar 15 01:45:45 analyst-VirtualBox kernel: [    0.000000] BIOS-e820: [mem 0x00000000fec00000-0x00000000fec00fff] reserved
Mar 15 01:45:45 analyst-VirtualBox systemd[1]: Condition check resulted in Rebuild Hardware Database being skipped.
Mar 15 01:45:45 analyst-VirtualBox kernel: [    0.000000] BIOS-e820: [mem 0x00000000fee00000-0x00000000fee00fff] reserved
Mar 15 01:45:45 analyst-VirtualBox kernel: [    0.000000] BIOS-e820: [mem 0x00000000fffc0000-0x00000000ffffffff] reserved
Mar 15 01:45:45 analyst-VirtualBox kernel: [    0.000000] BIOS-e820: [mem 0x0000000100000000-0x000000011fffffff] usable
Mar 15 01:45:45 analyst-VirtualBox kernel: [    0.000000] NX (Execute Disable) protection: active
Mar 15 01:45:45 analyst-VirtualBox kernel: [    0.000000] SMBIOS 2.5 present.
Mar 15 01:45:45 analyst-VirtualBox kernel: [    0.000000] DMI: innotek GmbH VirtualBox/VirtualBox, BIOS VirtualBox 12/01/2006
Mar 15 01:45:45 analyst-VirtualBox systemd[1]: Condition check resulted in Platform Persistent Storage Archival being skipped.
Mar 15 01:45:45 analyst-VirtualBox kernel: [    0.000000] Hypervisor detected: KVM
Mar 15 01:45:45 analyst-VirtualBox kernel: [    0.000000] kvm-clock: Using msrs 4b564d01 and 4b564d00
Mar 15 01:45:45 analyst-VirtualBox kernel: [    0.000000] kvm-clock: cpu 0, msr bb001001, primary cpu clock
Mar 15 01:45:45 analyst-VirtualBox systemd[1]: Found device VBOX_HARDDISK 1.
Mar 15 01:45:45 analyst-VirtualBox kernel: [    0.000000] kvm-clock: using sched offset of 4186449793 cycles
Mar 15 01:45:45 analyst-VirtualBox kernel: [    0.000002] clocksource: kvm-clock: mask: 0xffffffffffffffff max_cycles: 0x1cd42e4dffb, max_idle_ns: 881590591483 ns
Mar 15 01:45:45 analyst-VirtualBox kernel: [    0.000005] tsc: Detected 2712.002 MHz processor
Mar 15 01:45:45 analyst-VirtualBox systemd[1]: Starting File System Check on /dev/disk/by-uuid/7F79-AC6A...
Mar 15 01:45:45 analyst-VirtualBox kernel: [    0.004108] e820: update [mem 0x00000000-0x00000fff] usable ==> reserved
Mar 15 01:45:45 analyst-VirtualBox kernel: [    0.004111] e820: remove [mem 0x000a0000-0x000fffff] usable
Mar 15 01:45:45 analyst-VirtualBox kernel: [    0.004116] last_pfn = 0x120000 max_arch_pfn = 0x400000000
Mar 15 01:45:45 analyst-VirtualBox kernel: [    0.004130] MTRR default type: uncachable
Mar 15 01:45:45 analyst-VirtualBox kernel: [    0.004131] MTRR variable ranges disabled:
Mar 15 01:45:45 analyst-VirtualBox systemd[1]: Started File System Check Daemon to report status.
Mar 15 01:45:45 analyst-VirtualBox kernel: [    0.004134] Disabled
Mar 15 01:45:45 analyst-VirtualBox kernel: [    0.004135] x86/PAT: MTRRs disabled, skipping PAT initialization too.
Mar 15 01:45:45 analyst-VirtualBox systemd-fsck[541]: fsck.fat 4.1 (2017-01-24)
Mar 15 01:45:45 analyst-VirtualBox kernel: [    0.004138] CPU MTRRs all blank - virtualized system.
Mar 15 01:45:45 analyst-VirtualBox kernel: [    0.004141] x86/PAT: Configuration [0-7]: WB  WT  UC- UC  WB  WT  UC- UC  
Mar 15 01:45:45 analyst-VirtualBox kernel: [    0.004145] last_pfn = 0xdfff0 max_arch_pfn = 0x400000000
Mar 15 01:45:45 analyst-VirtualBox kernel: [    0.004215] found SMP MP-table at [mem 0x0009fff0-0x0009ffff]
Mar 15 01:45:45 analyst-VirtualBox systemd-fsck[541]: 0x41: Dirty bit is set. Fs was not properly unmounted and some data may be corrupt.
Mar 15 01:45:45 analyst-VirtualBox systemd-fsck[541]:  Automatically removing dirty bit.
Mar 15 01:45:45 analyst-VirtualBox systemd-fsck[541]: Performing changes.
Mar 15 01:45:45 analyst-VirtualBox systemd-fsck[541]: /dev/sda1: 0 files, 1/130812 clusters
Mar 15 01:45:45 analyst-VirtualBox systemd[1]: Finished File System Check on /dev/disk/by-uuid/7F79-AC6A.
Mar 15 01:45:45 analyst-VirtualBox systemd[1]: Mounting /boot/efi...
Mar 15 01:45:45 analyst-VirtualBox systemd[1]: Mounted /boot/efi.
Mar 15 01:45:45 analyst-VirtualBox systemd[1]: Reached target Local File Systems.
Mar 15 01:45:45 analyst-VirtualBox systemd[1]: Starting Load AppArmor profiles...
Mar 15 01:45:45 analyst-VirtualBox systemd[1]: Starting Set console font and keymap...
Mar 15 01:45:45 analyst-VirtualBox kernel: [    0.112236] check: Scanning 1 areas for low memory corruption
Mar 15 01:45:45 analyst-VirtualBox systemd[1]: Starting Tell Plymouth To Write Out Runtime Data...
Mar 15 01:45:45 analyst-VirtualBox systemd[1]: Condition check resulted in Store a System Token in an EFI Variable being skipped.
Mar 15 01:45:45 analyst-VirtualBox kernel: [    0.115728] RAMDISK: [mem 0x32081000-0x35037fff]
Mar 15 01:45:45 analyst-VirtualBox systemd[1]: Condition check resulted in Commit a transient machine-id on disk being skipped.
Mar 15 01:45:45 analyst-VirtualBox kernel: [    0.115747] ACPI: Early table checksum verification disabled
Mar 15 01:45:45 analyst-VirtualBox systemd[1]: Starting Create Volatile Files and Directories...
Mar 15 01:45:45 analyst-VirtualBox kernel: [    0.115754] ACPI: RSDP 0x00000000000E0000 000024 (v02 VBOX  )
Mar 15 01:45:45 analyst-VirtualBox kernel: [    0.115759] ACPI: XSDT 0x00000000DFFF0030 00003C (v01 VBOX   VBOXXSDT 00000001 ASL  00000061)
Mar 15 01:45:45 analyst-VirtualBox kernel: [    0.115766] ACPI: FACP 0x00000000DFFF00F0 0000F4 (v04 VBOX   VBOXFACP 00000001 ASL  00000061)
Mar 15 01:45:45 analyst-VirtualBox kernel: [    0.115773] ACPI: DSDT 0x00000000DFFF0480 002325 (v02 VBOX   VBOXBIOS 00000002 INTL 20100528)
Mar 15 01:45:45 analyst-VirtualBox kernel: [    0.115778] ACPI: FACS 0x00000000DFFF0200 000040
Mar 15 01:45:45 analyst-VirtualBox systemd[1]: plymouth-read-write.service: Succeeded.
Mar 15 01:45:45 analyst-VirtualBox kernel: [    0.115782] ACPI: FACS 0x00000000DFFF0200 000040
Mar 15 01:45:45 analyst-VirtualBox systemd[1]: Finished Tell Plymouth To Write Out Runtime Data.
Mar 15 01:45:45 analyst-VirtualBox kernel: [    0.115786] ACPI: APIC 0x00000000DFFF0240 00006C (v02 VBOX   VBOXAPIC 00000001 ASL  00000061)
Mar 15 01:45:45 analyst-VirtualBox kernel: [    0.115790] ACPI: SSDT 0x00000000DFFF02B0 0001CC (v01 VBOX   VBOXCPUT 00000002 INTL 20100528)
Mar 15 01:45:45 analyst-VirtualBox kernel: [    0.115803] ACPI: Local APIC address 0xfee00000
Mar 15 01:45:45 analyst-VirtualBox systemd[1]: Received SIGRTMIN+20 from PID 329 (plymouthd).
Mar 15 01:45:45 analyst-VirtualBox kernel: [    0.116078] No NUMA configuration found
Mar 15 01:45:45 analyst-VirtualBox kernel: [    0.116080] Faking a node at [mem 0x0000000000000000-0x000000011fffffff]
Mar 15 01:45:45 analyst-VirtualBox kernel: [    0.116087] NODE_DATA(0) allocated [mem 0x11ffd1000-0x11fffbfff]
Mar 15 01:45:45 analyst-VirtualBox systemd[1]: Finished Set console font and keymap.
Mar 15 01:45:45 analyst-VirtualBox kernel: [    0.119400] Zone ranges:
Mar 15 01:45:45 analyst-VirtualBox kernel: [    0.119402]   DMA      [mem 0x0000000000001000-0x0000000000ffffff]
Mar 15 01:45:45 analyst-VirtualBox apparmor.systemd[544]: Restarting AppArmor
Mar 15 01:45:45 analyst-VirtualBox kernel: [    0.119404]   DMA32    [mem 0x0000000001000000-0x00000000ffffffff]
Mar 15 01:45:45 analyst-VirtualBox kernel: [    0.119405]   Normal   [mem 0x0000000100000000-0x000000011fffffff]
Mar 15 01:45:45 analyst-VirtualBox kernel: [    0.119407]   Device   empty
Mar 15 01:45:45 analyst-VirtualBox kernel: [    0.119408] Movable zone start for each node
Mar 15 01:45:45 analyst-VirtualBox apparmor.systemd[544]: Reloading AppArmor profiles
Mar 15 01:45:45 analyst-VirtualBox apparmor.systemd[555]: Skipping profile in /etc/apparmor.d/disable: usr.bin.firefox
Mar 15 01:45:45 analyst-VirtualBox apparmor.systemd[560]: Skipping profile in /etc/apparmor.d/disable: usr.sbin.rsyslogd
Mar 15 01:45:45 analyst-VirtualBox systemd[1]: Finished Create Volatile Files and Directories.
Mar 15 01:45:45 analyst-VirtualBox systemd[1]: Starting Network Name Resolution...
Mar 15 01:45:45 analyst-VirtualBox systemd[1]: Starting Network Time Synchronization...
Mar 15 01:45:45 analyst-VirtualBox systemd[1]: Starting Update UTMP about System Boot/Shutdown...
Mar 15 01:45:45 analyst-VirtualBox systemd[1]: Finished Update UTMP about System Boot/Shutdown.
Mar 15 01:45:45 analyst-VirtualBox systemd[1]: Finished Load AppArmor profiles.
Mar 15 01:45:45 analyst-VirtualBox systemd[1]: Starting Load AppArmor profiles managed internally by snapd...
Mar 15 01:45:45 analyst-VirtualBox systemd[1]: Condition check resulted in Authentication service for virtual machines hosted on VMware being skipped.
Mar 15 01:45:45 analyst-VirtualBox systemd[1]: Condition check resulted in Service for virtual machines hosted on VMware being skipped.
Mar 15 01:45:45 analyst-VirtualBox systemd[1]: Finished Load AppArmor profiles managed internally by snapd.
Mar 15 01:45:45 analyst-VirtualBox kernel: [    0.119411] Early memory node ranges
Mar 15 01:45:45 analyst-VirtualBox kernel: [    0.119412]   node   0: [mem 0x0000000000001000-0x000000000009efff]
Mar 15 01:45:45 analyst-VirtualBox kernel: [    0.119413]   node   0: [mem 0x0000000000100000-0x00000000dffeffff]
Mar 15 01:45:45 analyst-VirtualBox kernel: [    0.119415]   node   0: [mem 0x0000000100000000-0x000000011fffffff]
Mar 15 01:45:45 analyst-VirtualBox systemd[1]: Started Network Time Synchronization.
Mar 15 01:45:45 analyst-VirtualBox kernel: [    0.125842] Zeroed struct page in unavailable ranges: 114 pages
Mar 15 01:45:45 analyst-VirtualBox kernel: [    0.125845] Initmem setup node 0 [mem 0x0000000000001000-0x000000011fffffff]
Mar 15 01:45:45 analyst-VirtualBox kernel: [    0.125848] On node 0 totalpages: 1048462
Mar 15 01:45:45 analyst-VirtualBox systemd[1]: Reached target System Initialization.
Mar 15 01:45:45 analyst-VirtualBox kernel: [    0.125850]   DMA zone: 64 pages used for memmap
Mar 15 01:45:45 analyst-VirtualBox systemd[1]: Started ACPI Events Check.
Mar 15 01:45:45 analyst-VirtualBox kernel: [    0.125851]   DMA zone: 21 pages reserved
Mar 15 01:45:45 analyst-VirtualBox kernel: [    0.125852]   DMA zone: 3998 pages, LIFO batch:0
Mar 15 01:45:45 analyst-VirtualBox kernel: [    0.125939]   DMA32 zone: 14272 pages used for memmap
Mar 15 01:45:45 analyst-VirtualBox kernel: [    0.125940]   DMA32 zone: 913392 pages, LIFO batch:63
Mar 15 01:45:45 analyst-VirtualBox systemd[1]: Condition check resulted in Process error reports when automatic reporting is enabled (file watch) being skipped.
Mar 15 01:45:45 analyst-VirtualBox kernel: [    0.221683]   Normal zone: 2048 pages used for memmap
Mar 15 01:45:45 analyst-VirtualBox kernel: [    0.221685]   Normal zone: 131072 pages, LIFO batch:31
Mar 15 01:45:45 analyst-VirtualBox systemd[1]: Started CUPS Scheduler.
Mar 15 01:45:45 analyst-VirtualBox kernel: [    0.237444] ACPI: PM-Timer IO Port: 0x4008
Mar 15 01:45:45 analyst-VirtualBox kernel: [    0.237449] ACPI: Local APIC address 0xfee00000
Mar 15 01:45:45 analyst-VirtualBox kernel: [    0.237532] IOAPIC[0]: apic_id 4, version 32, address 0xfec00000, GSI 0-23
Mar 15 01:45:45 analyst-VirtualBox systemd[1]: Started Trigger anacron every hour.
Mar 15 01:45:45 analyst-VirtualBox kernel: [    0.237536] ACPI: INT_SRC_OVR (bus 0 bus_irq 0 global_irq 2 dfl dfl)
Mar 15 01:45:45 analyst-VirtualBox kernel: [    0.237538] ACPI: INT_SRC_OVR (bus 0 bus_irq 9 global_irq 9 low level)
Mar 15 01:45:45 analyst-VirtualBox kernel: [    0.237541] ACPI: IRQ0 used by override.
Mar 15 01:45:45 analyst-VirtualBox kernel: [    0.237542] ACPI: IRQ9 used by override.
Mar 15 01:45:45 analyst-VirtualBox systemd[1]: Started Daily apt download activities.
Mar 15 01:45:45 analyst-VirtualBox kernel: [    0.237545] Using ACPI (MADT) for SMP configuration information
Mar 15 01:45:45 analyst-VirtualBox kernel: [    0.237553] smpboot: Allowing 4 CPUs, 0 hotplug CPUs
Mar 15 01:45:45 analyst-VirtualBox kernel: [    0.237578] PM: Registered nosave memory: [mem 0x00000000-0x00000fff]
Mar 15 01:45:45 analyst-VirtualBox systemd[1]: Started Daily apt upgrade and clean activities.
Mar 15 01:45:45 analyst-VirtualBox kernel: [    0.237580] PM: Registered nosave memory: [mem 0x0009f000-0x0009ffff]
Mar 15 01:45:45 analyst-VirtualBox kernel: [    0.237581] PM: Registered nosave memory: [mem 0x000a0000-0x000effff]
Mar 15 01:45:45 analyst-VirtualBox systemd[1]: Started Periodic ext4 Online Metadata Check for All Filesystems.
Mar 15 01:45:45 analyst-VirtualBox kernel: [    0.237582] PM: Registered nosave memory: [mem 0x000f0000-0x000fffff]
Mar 15 01:45:45 analyst-VirtualBox kernel: [    0.237583] PM: Registered nosave memory: [mem 0xdfff0000-0xdfffffff]
Mar 15 01:45:45 analyst-VirtualBox kernel: [    0.237584] PM: Registered nosave memory: [mem 0xe0000000-0xfebfffff]
Mar 15 01:45:45 analyst-VirtualBox systemd[1]: Started Discard unused blocks once a week.
Mar 15 01:45:45 analyst-VirtualBox kernel: [    0.237585] PM: Registered nosave memory: [mem 0xfec00000-0xfec00fff]
Mar 15 01:45:45 analyst-VirtualBox kernel: [    0.237585] PM: Registered nosave memory: [mem 0xfec01000-0xfedfffff]
Mar 15 01:45:45 analyst-VirtualBox kernel: [    0.237586] PM: Registered nosave memory: [mem 0xfee00000-0xfee00fff]
Mar 15 01:45:45 analyst-VirtualBox systemd[1]: Started Refresh fwupd metadata regularly.
Mar 15 01:45:45 analyst-VirtualBox kernel: [    0.237587] PM: Registered nosave memory: [mem 0xfee01000-0xfffbffff]
Mar 15 01:45:45 analyst-VirtualBox kernel: [    0.237588] PM: Registered nosave memory: [mem 0xfffc0000-0xffffffff]
Mar 15 01:45:45 analyst-VirtualBox systemd[1]: Started Daily rotation of log files.
Mar 15 01:45:45 analyst-VirtualBox kernel: [    0.237590] [mem 0xe0000000-0xfebfffff] available for PCI devices
Mar 15 01:45:45 analyst-VirtualBox kernel: [    0.237591] Booting paravirtualized kernel on KVM
Mar 15 01:45:45 analyst-VirtualBox kernel: [    0.237594] clocksource: refined-jiffies: mask: 0xffffffff max_cycles: 0xffffffff, max_idle_ns: 7645519600211568 ns
Mar 15 01:45:45 analyst-VirtualBox systemd[1]: Started Daily man-db regeneration.
Mar 15 01:45:45 analyst-VirtualBox kernel: [    0.237599] setup_percpu: NR_CPUS:8192 nr_cpumask_bits:4 nr_cpu_ids:4 nr_node_ids:1
Mar 15 01:45:45 analyst-VirtualBox kernel: [    0.240739] percpu: Embedded 54 pages/cpu s184320 r8192 d28672 u524288
Mar 15 01:45:45 analyst-VirtualBox kernel: [    0.240748] pcpu-alloc: s184320 r8192 d28672 u524288 alloc=1*2097152
Mar 15 01:45:45 analyst-VirtualBox kernel: [    0.240749] pcpu-alloc: [0] 0 1 2 3 
Mar 15 01:45:45 analyst-VirtualBox systemd[1]: Started Message of the Day.
Mar 15 01:45:45 analyst-VirtualBox kernel: [    0.240782] PV qspinlock hash table entries: 256 (order: 0, 4096 bytes, linear)
Mar 15 01:45:45 analyst-VirtualBox kernel: [    0.240788] Built 1 zonelists, mobility grouping on.  Total pages: 1032057
Mar 15 01:45:45 analyst-VirtualBox kernel: [    0.240789] Policy zone: Normal
Mar 15 01:45:45 analyst-VirtualBox systemd[1]: Condition check resulted in Timer to automatically fetch and run repair assertions being skipped.
Mar 15 01:45:45 analyst-VirtualBox kernel: [    0.240792] Kernel command line: BOOT_IMAGE=/boot/vmlinuz-5.4.0-58-generic root=UUID=a6cb141f-d5b3-4d79-b1e0-1285e01e8728 ro quiet splash
Mar 15 01:45:45 analyst-VirtualBox systemd[1]: Started Daily Cleanup of Temporary Directories.
Mar 15 01:45:45 analyst-VirtualBox kernel: [    0.247281] Dentry cache hash table entries: 524288 (order: 10, 4194304 bytes, linear)
Mar 15 01:45:45 analyst-VirtualBox kernel: [    0.250570] Inode-cache hash table entries: 262144 (order: 9, 2097152 bytes, linear)
Mar 15 01:45:45 analyst-VirtualBox kernel: [    0.250667] mem auto-init: stack:off, heap alloc:on, heap free:off
Mar 15 01:45:45 analyst-VirtualBox kernel: [    0.299307] Calgary: detecting Calgary via BIOS EBDA area
Mar 15 01:45:45 analyst-VirtualBox systemd[1]: Reached target Paths.
Mar 15 01:45:45 analyst-VirtualBox kernel: [    0.299315] Calgary: Unable to locate Rio Grande table in EBDA - bailing!
Mar 15 01:45:45 analyst-VirtualBox systemd[1]: Reached target Timers.
Mar 15 01:45:45 analyst-VirtualBox systemd[1]: Listening on ACPID Listen Socket.
Mar 15 01:45:45 analyst-VirtualBox systemd[1]: Condition check resulted in Unix socket for apport crash forwarding being skipped.
Mar 15 01:45:45 analyst-VirtualBox systemd[1]: Listening on Avahi mDNS/DNS-SD Stack Activation Socket.
Mar 15 01:45:45 analyst-VirtualBox systemd[1]: Listening on CUPS Scheduler.
Mar 15 01:45:45 analyst-VirtualBox systemd[1]: Listening on D-Bus System Message Bus Socket.
Mar 15 01:45:45 analyst-VirtualBox systemd[1]: Starting Socket activation for snappy daemon.
Mar 15 01:45:45 analyst-VirtualBox systemd[1]: Listening on UUID daemon activation socket.
Mar 15 01:45:45 analyst-VirtualBox systemd[1]: Listening on Socket activation for snappy daemon.
Mar 15 01:45:45 analyst-VirtualBox systemd[1]: Reached target Sockets.
Mar 15 01:45:45 analyst-VirtualBox systemd[1]: Reached target Basic System.
Mar 15 01:45:45 analyst-VirtualBox systemd[1]: Starting Accounts Service...
Mar 15 01:45:45 analyst-VirtualBox systemd[1]: Started ACPI event daemon.
Mar 15 01:45:45 analyst-VirtualBox systemd[1]: Started Run anacron jobs.
Mar 15 01:45:45 analyst-VirtualBox anacron[593]: Anacron 2.3 started on 2021-03-15
Mar 15 01:45:45 analyst-VirtualBox systemd[1]: Starting LSB: automatic crash report generation...
Mar 15 01:45:45 analyst-VirtualBox systemd[1]: Starting Avahi mDNS/DNS-SD Stack...
Mar 15 01:45:45 analyst-VirtualBox systemd[1]: Started Regular background program processing daemon.
Mar 15 01:45:45 analyst-VirtualBox anacron[593]: Will run job `cron.daily' in 5 min.
Mar 15 01:45:45 analyst-VirtualBox kernel: [    0.308164] Memory: 3973376K/4193848K available (14339K kernel code, 2426K rwdata, 4932K rodata, 2720K init, 4956K bss, 220472K reserved, 0K cma-reserved)
Mar 15 01:45:45 analyst-VirtualBox anacron[593]: Will run job `cron.weekly' in 10 min.
Mar 15 01:45:45 analyst-VirtualBox kernel: [    0.308172] random: get_random_u64 called from kmem_cache_open+0x2d/0x410 with crng_init=0
Mar 15 01:45:45 analyst-VirtualBox kernel: [    0.311459] SLUB: HWalign=64, Order=0-3, MinObjects=0, CPUs=4, Nodes=1
Mar 15 01:45:45 analyst-VirtualBox kernel: [    0.311477] Kernel/User page tables isolation: enabled
Mar 15 01:45:45 analyst-VirtualBox kernel: [    0.311495] ftrace: allocating 44541 entries in 174 pages
Mar 15 01:45:45 analyst-VirtualBox kernel: [    0.340633] rcu: Hierarchical RCU implementation.
Mar 15 01:45:45 analyst-VirtualBox kernel: [    0.340636] rcu: 	RCU restricting CPUs from NR_CPUS=8192 to nr_cpu_ids=4.
Mar 15 01:45:45 analyst-VirtualBox kernel: [    0.340637] 	Tasks RCU enabled.
Mar 15 01:45:45 analyst-VirtualBox kernel: [    0.340638] rcu: RCU calculated value of scheduler-enlistment delay is 25 jiffies.
Mar 15 01:45:45 analyst-VirtualBox kernel: [    0.340639] rcu: Adjusting geometry for rcu_fanout_leaf=16, nr_cpu_ids=4
Mar 15 01:45:45 analyst-VirtualBox kernel: [    0.344448] NR_IRQS: 524544, nr_irqs: 456, preallocated irqs: 16
Mar 15 01:45:45 analyst-VirtualBox kernel: [    0.344830] random: crng done (trusting CPU's manufacturer)
Mar 15 01:45:45 analyst-VirtualBox kernel: [    0.360465] Console: colour VGA+ 80x25
Mar 15 01:45:45 analyst-VirtualBox kernel: [    0.360471] printk: console [tty0] enabled
Mar 15 01:45:45 analyst-VirtualBox kernel: [    0.360503] ACPI: Core revision 20190816
Mar 15 01:45:45 analyst-VirtualBox kernel: [    0.360627] APIC: Switch to symmetric I/O mode setup
Mar 15 01:45:45 analyst-VirtualBox kernel: [    0.360983] x2apic enabled
Mar 15 01:45:45 analyst-VirtualBox kernel: [    0.361325] Switched APIC routing to physical x2apic.
Mar 15 01:45:45 analyst-VirtualBox kernel: [    0.362919] ..TIMER: vector=0x30 apic1=0 pin1=2 apic2=-1 pin2=-1
Mar 15 01:45:45 analyst-VirtualBox kernel: [    0.362952] clocksource: tsc-early: mask: 0xffffffffffffffff max_cycles: 0x2717880cafa, max_idle_ns: 440795252614 ns
Mar 15 01:45:45 analyst-VirtualBox kernel: [    0.362958] Calibrating delay loop (skipped) preset value.. 5424.00 BogoMIPS (lpj=10848008)
Mar 15 01:45:45 analyst-VirtualBox kernel: [    0.362961] pid_max: default: 32768 minimum: 301
Mar 15 01:45:45 analyst-VirtualBox kernel: [    0.362996] LSM: Security Framework initializing
Mar 15 01:45:45 analyst-VirtualBox kernel: [    0.363007] Yama: becoming mindful.
Mar 15 01:45:45 analyst-VirtualBox kernel: [    0.363031] AppArmor: AppArmor initialized
Mar 15 01:45:45 analyst-VirtualBox kernel: [    0.363068] Mount-cache hash table entries: 8192 (order: 4, 65536 bytes, linear)
Mar 15 01:45:45 analyst-VirtualBox kernel: [    0.363074] Mountpoint-cache hash table entries: 8192 (order: 4, 65536 bytes, linear)
Mar 15 01:45:45 analyst-VirtualBox kernel: [    0.363087] *** VALIDATE tmpfs ***
Mar 15 01:45:45 analyst-VirtualBox kernel: [    0.363243] *** VALIDATE proc ***
Mar 15 01:45:45 analyst-VirtualBox kernel: [    0.363293] *** VALIDATE cgroup1 ***
Mar 15 01:45:45 analyst-VirtualBox kernel: [    0.363294] *** VALIDATE cgroup2 ***
Mar 15 01:45:45 analyst-VirtualBox kernel: [    0.363446] Last level iTLB entries: 4KB 64, 2MB 8, 4MB 8
Mar 15 01:45:45 analyst-VirtualBox kernel: [    0.363446] Last level dTLB entries: 4KB 64, 2MB 0, 4MB 0, 1GB 4
Mar 15 01:45:45 analyst-VirtualBox kernel: [    0.363449] Spectre V1 : Mitigation: usercopy/swapgs barriers and __user pointer sanitization
Mar 15 01:45:45 analyst-VirtualBox kernel: [    0.363451] Spectre V2 : Mitigation: Full generic retpoline
Mar 15 01:45:45 analyst-VirtualBox kernel: [    0.363451] Spectre V2 : Spectre v2 / SpectreRSB mitigation: Filling RSB on context switch
Mar 15 01:45:45 analyst-VirtualBox kernel: [    0.363452] Speculative Store Bypass: Vulnerable
Mar 15 01:45:45 analyst-VirtualBox kernel: [    0.363456] SRBDS: Unknown: Dependent on hypervisor status
Mar 15 01:45:45 analyst-VirtualBox kernel: [    0.363456] MDS: Mitigation: Clear CPU buffers
Mar 15 01:45:45 analyst-VirtualBox kernel: [    0.363657] Freeing SMP alternatives memory: 40K
Mar 15 01:45:45 analyst-VirtualBox kernel: [    0.475342] smpboot: CPU0: Intel(R) Core(TM) i5-7200U CPU @ 2.50GHz (family: 0x6, model: 0x8e, stepping: 0x9)
Mar 15 01:45:45 analyst-VirtualBox kernel: [    0.478741] Performance Events: unsupported p6 CPU model 142 no PMU driver, software events only.
Mar 15 01:45:45 analyst-VirtualBox kernel: [    0.478779] rcu: Hierarchical SRCU implementation.
Mar 15 01:45:45 analyst-VirtualBox kernel: [    0.478954] NMI watchdog: Perf NMI watchdog permanently disabled
Mar 15 01:45:45 analyst-VirtualBox kernel: [    0.478954] smp: Bringing up secondary CPUs ...
Mar 15 01:45:45 analyst-VirtualBox kernel: [    0.478954] x86: Booting SMP configuration:
Mar 15 01:45:45 analyst-VirtualBox kernel: [    0.478954] .... node  #0, CPUs:      #1
Mar 15 01:45:45 analyst-VirtualBox kernel: [    0.022180] kvm-clock: cpu 1, msr bb001041, secondary cpu clock
Mar 15 01:45:45 analyst-VirtualBox kernel: [    0.481404]  #2
Mar 15 01:45:45 analyst-VirtualBox kernel: [    0.022180] kvm-clock: cpu 2, msr bb001081, secondary cpu clock
Mar 15 01:45:45 analyst-VirtualBox kernel: [    0.483052]  #3
Mar 15 01:45:45 analyst-VirtualBox kernel: [    0.022180] kvm-clock: cpu 3, msr bb0010c1, secondary cpu clock
Mar 15 01:45:45 analyst-VirtualBox kernel: [    0.485418] smp: Brought up 1 node, 4 CPUs
Mar 15 01:45:45 analyst-VirtualBox kernel: [    0.485418] smpboot: Max logical packages: 1
Mar 15 01:45:45 analyst-VirtualBox kernel: [    0.485418] smpboot: Total of 4 processors activated (21696.01 BogoMIPS)
Mar 15 01:45:45 analyst-VirtualBox kernel: [    0.486992] devtmpfs: initialized
Mar 15 01:45:45 analyst-VirtualBox kernel: [    0.487017] x86/mm: Memory block size: 128MB
Mar 15 01:45:45 analyst-VirtualBox kernel: [    0.487492] clocksource: jiffies: mask: 0xffffffff max_cycles: 0xffffffff, max_idle_ns: 7645041785100000 ns
Mar 15 01:45:45 analyst-VirtualBox kernel: [    0.487492] futex hash table entries: 1024 (order: 4, 65536 bytes, linear)
Mar 15 01:45:45 analyst-VirtualBox kernel: [    0.487492] pinctrl core: initialized pinctrl subsystem
Mar 15 01:45:45 analyst-VirtualBox kernel: [    0.487492] PM: RTC time: 05:45:39, date: 2021-03-15
Mar 15 01:45:45 analyst-VirtualBox kernel: [    0.487492] NET: Registered protocol family 16
Mar 15 01:45:45 analyst-VirtualBox kernel: [    0.487492] audit: initializing netlink subsys (disabled)
Mar 15 01:45:45 analyst-VirtualBox kernel: [    0.487510] audit: type=2000 audit(1615787147.862:1): state=initialized audit_enabled=0 res=1
Mar 15 01:45:45 analyst-VirtualBox kernel: [    0.487510] EISA bus registered
Mar 15 01:45:45 analyst-VirtualBox kernel: [    0.487510] cpuidle: using governor ladder
Mar 15 01:45:45 analyst-VirtualBox kernel: [    0.487510] cpuidle: using governor menu
Mar 15 01:45:45 analyst-VirtualBox kernel: [    0.487510] ACPI: bus type PCI registered
Mar 15 01:45:45 analyst-VirtualBox kernel: [    0.487510] acpiphp: ACPI Hot Plug PCI Controller Driver version: 0.5
Mar 15 01:45:45 analyst-VirtualBox kernel: [    0.487510] PCI: Using configuration type 1 for base access
Mar 15 01:45:45 analyst-VirtualBox kernel: [    0.491041] HugeTLB registered 2.00 MiB page size, pre-allocated 0 pages
Mar 15 01:45:45 analyst-VirtualBox kernel: [    0.499083] ACPI: Added _OSI(Module Device)
Mar 15 01:45:45 analyst-VirtualBox kernel: [    0.499084] ACPI: Added _OSI(Processor Device)
Mar 15 01:45:45 analyst-VirtualBox kernel: [    0.499085] ACPI: Added _OSI(3.0 _SCP Extensions)
Mar 15 01:45:45 analyst-VirtualBox kernel: [    0.499086] ACPI: Added _OSI(Processor Aggregator Device)
Mar 15 01:45:45 analyst-VirtualBox kernel: [    0.499088] ACPI: Added _OSI(Linux-Dell-Video)
Mar 15 01:45:45 analyst-VirtualBox kernel: [    0.499089] ACPI: Added _OSI(Linux-Lenovo-NV-HDMI-Audio)
Mar 15 01:45:45 analyst-VirtualBox kernel: [    0.499090] ACPI: Added _OSI(Linux-HPI-Hybrid-Graphics)
Mar 15 01:45:45 analyst-VirtualBox kernel: [    0.503305] ACPI: 2 ACPI AML tables successfully acquired and loaded
Mar 15 01:45:45 analyst-VirtualBox kernel: [    0.506968] ACPI: Interpreter enabled
Mar 15 01:45:45 analyst-VirtualBox kernel: [    0.506968] ACPI: (supports S0 S5)
Mar 15 01:45:45 analyst-VirtualBox kernel: [    0.506968] ACPI: Using IOAPIC for interrupt routing
Mar 15 01:45:45 analyst-VirtualBox kernel: [    0.506968] PCI: Using host bridge windows from ACPI; if necessary, use "pci=nocrs" and report a bug
Mar 15 01:45:45 analyst-VirtualBox kernel: [    0.506968] ACPI: Enabled 2 GPEs in block 00 to 07
Mar 15 01:45:45 analyst-VirtualBox kernel: [    0.513434] ACPI: PCI Root Bridge [PCI0] (domain 0000 [bus 00-ff])
Mar 15 01:45:45 analyst-VirtualBox kernel: [    0.513440] acpi PNP0A03:00: _OSC: OS supports [ASPM ClockPM Segments MSI HPX-Type3]
Mar 15 01:45:45 analyst-VirtualBox kernel: [    0.514114] acpi PNP0A03:00: _OSC: not requesting OS control; OS requires [ExtendedConfig ASPM ClockPM MSI]
Mar 15 01:45:45 analyst-VirtualBox kernel: [    0.514124] acpi PNP0A03:00: fail to add MMCONFIG information, can't access extended PCI configuration space under this bridge.
Mar 15 01:45:45 analyst-VirtualBox kernel: [    0.514624] PCI host bridge to bus 0000:00
Mar 15 01:45:45 analyst-VirtualBox kernel: [    0.514626] pci_bus 0000:00: root bus resource [io  0x0000-0x0cf7 window]
Mar 15 01:45:45 analyst-VirtualBox anacron[593]: Jobs will be executed sequentially
Mar 15 01:45:45 analyst-VirtualBox systemd[1]: Started CUPS Scheduler.
Mar 15 01:45:45 analyst-VirtualBox systemd[1]: Started D-Bus System Message Bus.
Mar 15 01:45:45 analyst-VirtualBox cron[596]: (CRON) INFO (pidfile fd = 3)
Mar 15 01:45:45 analyst-VirtualBox avahi-daemon[595]: Found user 'avahi' (UID 115) and group 'avahi' (GID 121).
Mar 15 01:45:45 analyst-VirtualBox cron[596]: (CRON) INFO (Running @reboot jobs)
Mar 15 01:45:45 analyst-VirtualBox systemd[1]: Starting Network Manager...
Mar 15 01:45:45 analyst-VirtualBox systemd[1]: Started Save initial kernel messages after boot.
Mar 15 01:45:45 analyst-VirtualBox systemd[1]: Starting Remove Stale Online ext4 Metadata Check Snapshots...
Mar 15 01:45:45 analyst-VirtualBox systemd[1]: Condition check resulted in getty on tty2-tty6 if dbus and logind are not available being skipped.
Mar 15 01:45:45 analyst-VirtualBox systemd[1]: Reached target Login Prompts.
Mar 15 01:45:45 analyst-VirtualBox systemd[1]: Starting Detect the available GPUs and deal with any system changes...
Mar 15 01:45:45 analyst-VirtualBox systemd-resolved[566]: Positive Trust Anchors:
Mar 15 01:45:45 analyst-VirtualBox systemd-resolved[566]: . IN DS 20326 8 2 e06d44b80b8f1d39a95c0b0d7c65d08458e880409bbc683457104237c7f8ec8d
Mar 15 01:45:45 analyst-VirtualBox systemd-resolved[566]: Negative trust anchors: 10.in-addr.arpa 16.172.in-addr.arpa 17.172.in-addr.arpa 18.172.in-addr.arpa 19.172.in-addr.arpa 20.172.in-addr.arpa 21.172.in-addr.arpa 22.172.in-addr.arpa 23.172.in-addr.arpa 24.172.in-addr.arpa 25.172.in-addr.arpa 26.172.in-addr.arpa 27.172.in-addr.arpa 28.172.in-addr.arpa 29.172.in-addr.arpa 30.172.in-addr.arpa 31.172.in-addr.arpa 168.192.in-addr.arpa d.f.ip6.arpa corp home internal intranet lan local private test
Mar 15 01:45:45 analyst-VirtualBox kernel: [    0.514628] pci_bus 0000:00: root bus resource [io  0x0d00-0xffff window]
Mar 15 01:45:45 analyst-VirtualBox systemd[1]: Starting LSB: Record successful boot for GRUB...
Mar 15 01:45:45 analyst-VirtualBox kernel: [    0.514629] pci_bus 0000:00: root bus resource [mem 0x000a0000-0x000bffff window]
Mar 15 01:45:45 analyst-VirtualBox systemd[1]: Starting GRUB failed boot detection...
Mar 15 01:45:45 analyst-VirtualBox kernel: [    0.514630] pci_bus 0000:00: root bus resource [mem 0xe0000000-0xfdffffff window]
Mar 15 01:45:45 analyst-VirtualBox kernel: [    0.514631] pci_bus 0000:00: root bus resource [bus 00-ff]
Mar 15 01:45:45 analyst-VirtualBox kernel: [    0.515001] pci 0000:00:00.0: [8086:1237] type 00 class 0x060000
Mar 15 01:45:45 analyst-VirtualBox kernel: [    0.516160] pci 0000:00:01.0: [8086:7000] type 00 class 0x060100
Mar 15 01:45:45 analyst-VirtualBox systemd[1]: Started irqbalance daemon.
Mar 15 01:45:45 analyst-VirtualBox systemd[1]: Starting Dispatcher daemon for systemd-networkd...
Mar 15 01:45:45 analyst-VirtualBox kernel: [    0.517109] pci 0000:00:01.1: [8086:7111] type 00 class 0x01018a
Mar 15 01:45:45 analyst-VirtualBox systemd[1]: Condition check resulted in Set the CPU Frequency Scaling governor being skipped.
Mar 15 01:45:45 analyst-VirtualBox kernel: [    0.517556] pci 0000:00:01.1: reg 0x20: [io  0xd000-0xd00f]
Mar 15 01:45:45 analyst-VirtualBox kernel: [    0.517737] pci 0000:00:01.1: legacy IDE quirk: reg 0x10: [io  0x01f0-0x01f7]
Mar 15 01:45:45 analyst-VirtualBox kernel: [    0.517738] pci 0000:00:01.1: legacy IDE quirk: reg 0x14: [io  0x03f6]
Mar 15 01:45:45 analyst-VirtualBox kernel: [    0.517739] pci 0000:00:01.1: legacy IDE quirk: reg 0x18: [io  0x0170-0x0177]
Mar 15 01:45:45 analyst-VirtualBox kernel: [    0.517740] pci 0000:00:01.1: legacy IDE quirk: reg 0x1c: [io  0x0376]
Mar 15 01:45:45 analyst-VirtualBox systemd[1]: Starting Authorization Manager...
Mar 15 01:45:45 analyst-VirtualBox kernel: [    0.518394] pci 0000:00:02.0: [15ad:0405] type 00 class 0x030000
Mar 15 01:45:45 analyst-VirtualBox systemd[1]: Starting Restore /etc/resolv.conf if the system crashed before the ppp link was shut down...
Mar 15 01:45:45 analyst-VirtualBox kernel: [    0.519274] pci 0000:00:02.0: reg 0x10: [io  0xd010-0xd01f]
Mar 15 01:45:45 analyst-VirtualBox kernel: [    0.521209] pci 0000:00:02.0: reg 0x14: [mem 0xe0000000-0xe0ffffff pref]
Mar 15 01:45:45 analyst-VirtualBox kernel: [    0.523251] pci 0000:00:02.0: reg 0x18: [mem 0xf0000000-0xf01fffff]
Mar 15 01:45:45 analyst-VirtualBox kernel: [    0.532228] pci 0000:00:03.0: [8086:100e] type 00 class 0x020000
Mar 15 01:45:45 analyst-VirtualBox systemd[1]: Starting System Logging Service...
Mar 15 01:45:45 analyst-VirtualBox kernel: [    0.535090] pci 0000:00:03.0: reg 0x10: [mem 0xf0200000-0xf021ffff]
Mar 15 01:45:45 analyst-VirtualBox systemd[1]: Condition check resulted in Secure Boot updates for DB and DBX being skipped.
Mar 15 01:45:45 analyst-VirtualBox kernel: [    0.538464] pci 0000:00:03.0: reg 0x18: [io  0xd020-0xd027]
Mar 15 01:45:45 analyst-VirtualBox kernel: [    0.545928] pci 0000:00:04.0: [80ee:cafe] type 00 class 0x088000
Mar 15 01:45:45 analyst-VirtualBox kernel: [    0.547101] pci 0000:00:04.0: reg 0x10: [io  0xd040-0xd05f]
Mar 15 01:45:45 analyst-VirtualBox kernel: [    0.548861] pci 0000:00:04.0: reg 0x14: [mem 0xf0400000-0xf07fffff]
Mar 15 01:45:45 analyst-VirtualBox kernel: [    0.551097] pci 0000:00:04.0: reg 0x18: [mem 0xf0800000-0xf0803fff pref]
Mar 15 01:45:45 analyst-VirtualBox systemd[1]: Condition check resulted in Automatically repair incorrect owner/permissions on core devices being skipped.
Mar 15 01:45:45 analyst-VirtualBox kernel: [    0.559565] pci 0000:00:05.0: [8086:2415] type 00 class 0x040100
Mar 15 01:45:45 analyst-VirtualBox kernel: [    0.559720] pci 0000:00:05.0: reg 0x10: [io  0xd100-0xd1ff]
Mar 15 01:45:45 analyst-VirtualBox systemd[1]: Condition check resulted in Wait for the Ubuntu Core chooser trigger being skipped.
Mar 15 01:45:45 analyst-VirtualBox kernel: [    0.559796] pci 0000:00:05.0: reg 0x14: [io  0xd200-0xd23f]
Mar 15 01:45:45 analyst-VirtualBox kernel: [    0.560855] pci 0000:00:06.0: [106b:003f] type 00 class 0x0c0310
Mar 15 01:45:45 analyst-VirtualBox kernel: [    0.562658] pci 0000:00:06.0: reg 0x10: [mem 0xf0804000-0xf0804fff]
Mar 15 01:45:45 analyst-VirtualBox systemd[1]: Starting Snap Daemon...
Mar 15 01:45:45 analyst-VirtualBox systemd[1]: Starting Switcheroo Control Proxy service...
Mar 15 01:45:45 analyst-VirtualBox systemd-resolved[566]: Using system hostname 'analyst-VirtualBox'.
Mar 15 01:45:45 analyst-VirtualBox systemd[1]: Starting Login Service...
Mar 15 01:45:45 analyst-VirtualBox systemd[1]: Starting Thermal Daemon Service...
Mar 15 01:45:45 analyst-VirtualBox systemd[1]: Starting Disk Manager...
Mar 15 01:45:45 analyst-VirtualBox systemd[1]: Starting vboxadd.service...
Mar 15 01:45:45 analyst-VirtualBox systemd[1]: Starting WPA supplicant...
Mar 15 01:45:45 analyst-VirtualBox systemd[1]: Started Network Name Resolution.
Mar 15 01:45:45 analyst-VirtualBox systemd[1]: pppd-dns.service: Succeeded.
Mar 15 01:45:45 analyst-VirtualBox systemd[1]: Finished Restore /etc/resolv.conf if the system crashed before the ppp link was shut down.
Mar 15 01:45:45 analyst-VirtualBox acpid: starting up with netlink and the input layer
Mar 15 01:45:45 analyst-VirtualBox avahi-daemon[595]: Successfully dropped root privileges.
Mar 15 01:45:45 analyst-VirtualBox avahi-daemon[595]: avahi-daemon 0.7 starting up.
Mar 15 01:45:45 analyst-VirtualBox acpid: 8 rules loaded
Mar 15 01:45:45 analyst-VirtualBox acpid: waiting for events: event logging is off
Mar 15 01:45:45 analyst-VirtualBox systemd[1]: e2scrub_reap.service: Succeeded.
Mar 15 01:45:45 analyst-VirtualBox kernel: [    0.572092] pci 0000:00:07.0: [8086:7113] type 00 class 0x068000
Mar 15 01:45:45 analyst-VirtualBox kernel: [    0.572736] pci 0000:00:07.0: quirk: [io  0x4000-0x403f] claimed by PIIX4 ACPI
Mar 15 01:45:45 analyst-VirtualBox kernel: [    0.572749] pci 0000:00:07.0: quirk: [io  0x4100-0x410f] claimed by PIIX4 SMB
Mar 15 01:45:45 analyst-VirtualBox systemd[1]: Finished Remove Stale Online ext4 Metadata Check Snapshots.
Mar 15 01:45:45 analyst-VirtualBox kernel: [    0.576185] pci 0000:00:0d.0: [8086:2829] type 00 class 0x010601
Mar 15 01:45:45 analyst-VirtualBox systemd[1]: grub-initrd-fallback.service: Succeeded.
Mar 15 01:45:45 analyst-VirtualBox kernel: [    0.577999] pci 0000:00:0d.0: reg 0x10: [io  0xd240-0xd247]
Mar 15 01:45:45 analyst-VirtualBox kernel: [    0.579096] pci 0000:00:0d.0: reg 0x14: [io  0xd248-0xd24b]
Mar 15 01:45:45 analyst-VirtualBox kernel: [    0.580831] pci 0000:00:0d.0: reg 0x18: [io  0xd250-0xd257]
Mar 15 01:45:45 analyst-VirtualBox kernel: [    0.583097] pci 0000:00:0d.0: reg 0x1c: [io  0xd258-0xd25b]
Mar 15 01:45:45 analyst-VirtualBox kernel: [    0.584838] pci 0000:00:0d.0: reg 0x20: [io  0xd260-0xd26f]
Mar 15 01:45:45 analyst-VirtualBox systemd[1]: Finished GRUB failed boot detection.
Mar 15 01:45:45 analyst-VirtualBox kernel: [    0.587169] pci 0000:00:0d.0: reg 0x24: [mem 0xf0806000-0xf0807fff]
Mar 15 01:45:45 analyst-VirtualBox udisksd[632]: udisks daemon version 2.8.4 starting
Mar 15 01:45:45 analyst-VirtualBox kernel: [    0.600569] ACPI: PCI Interrupt Link [LNKA] (IRQs 5 9 10 *11)
Mar 15 01:45:45 analyst-VirtualBox kernel: [    0.601023] ACPI: PCI Interrupt Link [LNKB] (IRQs 5 9 *10 11)
Mar 15 01:45:45 analyst-VirtualBox kernel: [    0.601171] ACPI: PCI Interrupt Link [LNKC] (IRQs 5 *9 10 11)
Mar 15 01:45:45 analyst-VirtualBox kernel: [    0.601358] ACPI: PCI Interrupt Link [LNKD] (IRQs 5 9 10 *11)
Mar 15 01:45:45 analyst-VirtualBox apport[594]:  * Starting automatic crash report generation: apport
Mar 15 01:45:45 analyst-VirtualBox kernel: [    0.603216] iommu: Default domain type: Translated 
Mar 15 01:45:45 analyst-VirtualBox kernel: [    0.606611] SCSI subsystem initialized
Mar 15 01:45:45 analyst-VirtualBox grub-common[607]:  * Recording successful boot for GRUB
Mar 15 01:45:45 analyst-VirtualBox kernel: [    0.606814] libata version 3.00 loaded.
Mar 15 01:45:45 analyst-VirtualBox kernel: [    0.607013] pci 0000:00:02.0: vgaarb: setting as boot VGA device
Mar 15 01:45:45 analyst-VirtualBox apport[594]:    ...done.
Mar 15 01:45:45 analyst-VirtualBox kernel: [    0.607020] pci 0000:00:02.0: vgaarb: VGA device added: decodes=io+mem,owns=io+mem,locks=none
Mar 15 01:45:45 analyst-VirtualBox kernel: [    0.607024] pci 0000:00:02.0: vgaarb: bridge control possible
Mar 15 01:45:45 analyst-VirtualBox kernel: [    0.607025] vgaarb: loaded
Mar 15 01:45:45 analyst-VirtualBox kernel: [    0.607064] ACPI: bus type USB registered
Mar 15 01:45:45 analyst-VirtualBox systemd[1]: Started LSB: automatic crash report generation.
Mar 15 01:45:45 analyst-VirtualBox systemd[1]: Reached target Host and Network Name Lookups.
Mar 15 01:45:45 analyst-VirtualBox rsyslogd: imuxsock: Acquired UNIX socket '/run/systemd/journal/syslog' (fd 3) from systemd.  [v8.2001.0]
Mar 15 01:45:45 analyst-VirtualBox systemd[1]: Started System Logging Service.
Mar 15 01:45:45 analyst-VirtualBox grub-common[607]:    ...done.
Mar 15 01:45:45 analyst-VirtualBox rsyslogd: rsyslogd's groupid changed to 110
Mar 15 01:45:45 analyst-VirtualBox rsyslogd: rsyslogd's userid changed to 104
Mar 15 01:45:45 analyst-VirtualBox rsyslogd: [origin software="rsyslogd" swVersion="8.2001.0" x-pid="622" x-info="https://www.rsyslog.com"] start
Mar 15 01:45:45 analyst-VirtualBox kernel: [    0.607109] usbcore: registered new interface driver usbfs
Mar 15 01:45:45 analyst-VirtualBox kernel: [    0.607119] usbcore: registered new interface driver hub
Mar 15 01:45:45 analyst-VirtualBox kernel: [    0.607306] usbcore: registered new device driver usb
Mar 15 01:45:45 analyst-VirtualBox kernel: [    0.607380] pps_core: LinuxPPS API ver. 1 registered
Mar 15 01:45:45 analyst-VirtualBox kernel: [    0.607381] pps_core: Software ver. 5.3.6 - Copyright 2005-2007 Rodolfo Giometti <giometti@linux.it>
Mar 15 01:45:45 analyst-VirtualBox kernel: [    0.607383] PTP clock support registered
Mar 15 01:45:45 analyst-VirtualBox kernel: [    0.607459] EDAC MC: Ver: 3.0.0
Mar 15 01:45:45 analyst-VirtualBox kernel: [    0.607459] PCI: Using ACPI for IRQ routing
Mar 15 01:45:45 analyst-VirtualBox kernel: [    0.607459] PCI: pci_cache_line_size set to 64 bytes
Mar 15 01:45:45 analyst-VirtualBox kernel: [    0.607459] e820: reserve RAM buffer [mem 0x0009fc00-0x0009ffff]
Mar 15 01:45:45 analyst-VirtualBox kernel: [    0.607459] e820: reserve RAM buffer [mem 0xdfff0000-0xdfffffff]
Mar 15 01:45:45 analyst-VirtualBox kernel: [    0.607459] NetLabel: Initializing
Mar 15 01:45:45 analyst-VirtualBox kernel: [    0.607459] NetLabel:  domain hash size = 128
Mar 15 01:45:45 analyst-VirtualBox kernel: [    0.607459] NetLabel:  protocols = UNLABELED CIPSOv4 CALIPSO
Mar 15 01:45:45 analyst-VirtualBox kernel: [    0.607459] NetLabel:  unlabeled traffic allowed by default
Mar 15 01:45:45 analyst-VirtualBox kernel: [    0.607893] clocksource: Switched to clocksource kvm-clock
Mar 15 01:45:45 analyst-VirtualBox kernel: [    0.632464] *** VALIDATE bpf ***
Mar 15 01:45:45 analyst-VirtualBox kernel: [    0.632576] VFS: Disk quotas dquot_6.6.0
Mar 15 01:45:45 analyst-VirtualBox kernel: [    0.632593] VFS: Dquot-cache hash table entries: 512 (order 0, 4096 bytes)
Mar 15 01:45:45 analyst-VirtualBox kernel: [    0.632617] *** VALIDATE ramfs ***
Mar 15 01:45:45 analyst-VirtualBox kernel: [    0.632620] *** VALIDATE hugetlbfs ***
Mar 15 01:45:45 analyst-VirtualBox kernel: [    0.632712] AppArmor: AppArmor Filesystem Enabled
Mar 15 01:45:45 analyst-VirtualBox kernel: [    0.632743] pnp: PnP ACPI init
Mar 15 01:45:45 analyst-VirtualBox kernel: [    0.632827] pnp 00:00: Plug and Play ACPI device, IDs PNP0303 (active)
Mar 15 01:45:45 analyst-VirtualBox kernel: [    0.632910] pnp 00:01: Plug and Play ACPI device, IDs PNP0f03 (active)
Mar 15 01:45:45 analyst-VirtualBox kernel: [    0.633931] pnp: PnP ACPI: found 2 devices
Mar 15 01:45:45 analyst-VirtualBox kernel: [    0.642728] thermal_sys: Registered thermal governor 'fair_share'
Mar 15 01:45:45 analyst-VirtualBox kernel: [    0.642728] thermal_sys: Registered thermal governor 'bang_bang'
Mar 15 01:45:45 analyst-VirtualBox kernel: [    0.642729] thermal_sys: Registered thermal governor 'step_wise'
Mar 15 01:45:45 analyst-VirtualBox kernel: [    0.642730] thermal_sys: Registered thermal governor 'user_space'
Mar 15 01:45:45 analyst-VirtualBox kernel: [    0.642731] thermal_sys: Registered thermal governor 'power_allocator'
Mar 15 01:45:45 analyst-VirtualBox kernel: [    0.647280] clocksource: acpi_pm: mask: 0xffffff max_cycles: 0xffffff, max_idle_ns: 2085701024 ns
Mar 15 01:45:45 analyst-VirtualBox kernel: [    0.647323] pci_bus 0000:00: resource 4 [io  0x0000-0x0cf7 window]
Mar 15 01:45:45 analyst-VirtualBox kernel: [    0.647324] pci_bus 0000:00: resource 5 [io  0x0d00-0xffff window]
Mar 15 01:45:45 analyst-VirtualBox kernel: [    0.647326] pci_bus 0000:00: resource 6 [mem 0x000a0000-0x000bffff window]
Mar 15 01:45:45 analyst-VirtualBox kernel: [    0.647327] pci_bus 0000:00: resource 7 [mem 0xe0000000-0xfdffffff window]
Mar 15 01:45:45 analyst-VirtualBox kernel: [    0.647399] NET: Registered protocol family 2
Mar 15 01:45:45 analyst-VirtualBox kernel: [    0.647627] tcp_listen_portaddr_hash hash table entries: 2048 (order: 3, 32768 bytes, linear)
Mar 15 01:45:45 analyst-VirtualBox kernel: [    0.647646] TCP established hash table entries: 32768 (order: 6, 262144 bytes, linear)
Mar 15 01:45:45 analyst-VirtualBox kernel: [    0.650781] TCP bind hash table entries: 32768 (order: 7, 524288 bytes, linear)
Mar 15 01:45:45 analyst-VirtualBox kernel: [    0.650812] TCP: Hash tables configured (established 32768 bind 32768)
Mar 15 01:45:45 analyst-VirtualBox kernel: [    0.650863] UDP hash table entries: 2048 (order: 4, 65536 bytes, linear)
Mar 15 01:45:45 analyst-VirtualBox kernel: [    0.650875] UDP-Lite hash table entries: 2048 (order: 4, 65536 bytes, linear)
Mar 15 01:45:45 analyst-VirtualBox kernel: [    0.651065] NET: Registered protocol family 1
Mar 15 01:45:45 analyst-VirtualBox kernel: [    0.651081] NET: Registered protocol family 44
Mar 15 01:45:45 analyst-VirtualBox kernel: [    0.651114] pci 0000:00:00.0: Limiting direct PCI/PCI transfers
Mar 15 01:45:45 analyst-VirtualBox kernel: [    0.651130] pci 0000:00:01.0: Activating ISA DMA hang workarounds
Mar 15 01:45:45 analyst-VirtualBox kernel: [    0.651191] pci 0000:00:02.0: Video device with shadowed ROM at [mem 0x000c0000-0x000dffff]
Mar 15 01:45:45 analyst-VirtualBox kernel: [    0.653080] PCI: CLS 0 bytes, default 64
Mar 15 01:45:45 analyst-VirtualBox kernel: [    0.653142] Trying to unpack rootfs image as initramfs...
Mar 15 01:45:45 analyst-VirtualBox kernel: [    1.001460] Freeing initrd memory: 48860K
Mar 15 01:45:45 analyst-VirtualBox kernel: [    1.001490] PCI-DMA: Using software bounce buffering for IO (SWIOTLB)
Mar 15 01:45:45 analyst-VirtualBox kernel: [    1.001492] software IO TLB: mapped [mem 0xdbff0000-0xdfff0000] (64MB)
Mar 15 01:45:45 analyst-VirtualBox kernel: [    1.001549] clocksource: tsc: mask: 0xffffffffffffffff max_cycles: 0x2717880cafa, max_idle_ns: 440795252614 ns
Mar 15 01:45:45 analyst-VirtualBox kernel: [    1.001675] clocksource: Switched to clocksource tsc
Mar 15 01:45:45 analyst-VirtualBox kernel: [    1.001720] platform rtc_cmos: registered platform RTC device (no PNP device found)
Mar 15 01:45:45 analyst-VirtualBox kernel: [    1.001746] check: Scanning for low memory corruption every 60 seconds
Mar 15 01:45:45 analyst-VirtualBox kernel: [    1.002526] Initialise system trusted keyrings
Mar 15 01:45:45 analyst-VirtualBox kernel: [    1.002534] Key type blacklist registered
Mar 15 01:45:45 analyst-VirtualBox kernel: [    1.002690] workingset: timestamp_bits=36 max_order=20 bucket_order=0
Mar 15 01:45:45 analyst-VirtualBox kernel: [    1.004189] zbud: loaded
Mar 15 01:45:45 analyst-VirtualBox kernel: [    1.004615] squashfs: version 4.0 (2009/01/31) Phillip Lougher
Mar 15 01:45:45 analyst-VirtualBox kernel: [    1.004976] fuse: init (API version 7.31)
Mar 15 01:45:45 analyst-VirtualBox kernel: [    1.004998] *** VALIDATE fuse ***
Mar 15 01:45:45 analyst-VirtualBox kernel: [    1.005000] *** VALIDATE fuse ***
Mar 15 01:45:45 analyst-VirtualBox kernel: [    1.005254] Platform Keyring initialized
Mar 15 01:45:45 analyst-VirtualBox kernel: [    1.008015] Key type asymmetric registered
Mar 15 01:45:45 analyst-VirtualBox kernel: [    1.008016] Asymmetric key parser 'x509' registered
Mar 15 01:45:45 analyst-VirtualBox kernel: [    1.008027] Block layer SCSI generic (bsg) driver version 0.4 loaded (major 244)
Mar 15 01:45:45 analyst-VirtualBox kernel: [    1.008122] io scheduler mq-deadline registered
Mar 15 01:45:45 analyst-VirtualBox kernel: [    1.008590] shpchp: Standard Hot Plug PCI Controller Driver version: 0.4
Mar 15 01:45:45 analyst-VirtualBox kernel: [    1.008645] intel_idle: Please enable MWAIT in BIOS SETUP
Mar 15 01:45:45 analyst-VirtualBox kernel: [    1.008808] ACPI: AC Adapter [AC] (on-line)
Mar 15 01:45:45 analyst-VirtualBox kernel: [    1.008858] input: Power Button as /devices/LNXSYSTM:00/LNXPWRBN:00/input/input0
Mar 15 01:45:45 analyst-VirtualBox kernel: [    1.008888] ACPI: Power Button [PWRF]
Mar 15 01:45:45 analyst-VirtualBox kernel: [    1.008963] input: Sleep Button as /devices/LNXSYSTM:00/LNXSLPBN:00/input/input1
Mar 15 01:45:45 analyst-VirtualBox kernel: [    1.008980] ACPI: Sleep Button [SLPF]
Mar 15 01:45:45 analyst-VirtualBox kernel: [    1.009519] Serial: 8250/16550 driver, 32 ports, IRQ sharing enabled
Mar 15 01:45:45 analyst-VirtualBox kernel: [    1.010551] battery: ACPI: Battery Slot [BAT0] (battery present)
Mar 15 01:45:45 analyst-VirtualBox kernel: [    1.015576] Linux agpgart interface v0.103
Mar 15 01:45:45 analyst-VirtualBox kernel: [    1.019017] loop: module loaded
Mar 15 01:45:45 analyst-VirtualBox kernel: [    1.019345] ata_piix 0000:00:01.1: version 2.13
Mar 15 01:45:45 analyst-VirtualBox kernel: [    1.020035] scsi host0: ata_piix
Mar 15 01:45:45 analyst-VirtualBox kernel: [    1.020375] scsi host1: ata_piix
Mar 15 01:45:45 analyst-VirtualBox kernel: [    1.020410] ata1: PATA max UDMA/33 cmd 0x1f0 ctl 0x3f6 bmdma 0xd000 irq 14
Mar 15 01:45:45 analyst-VirtualBox kernel: [    1.020411] ata2: PATA max UDMA/33 cmd 0x170 ctl 0x376 bmdma 0xd008 irq 15
Mar 15 01:45:45 analyst-VirtualBox kernel: [    1.020609] libphy: Fixed MDIO Bus: probed
Mar 15 01:45:45 analyst-VirtualBox kernel: [    1.020610] tun: Universal TUN/TAP device driver, 1.6
Mar 15 01:45:45 analyst-VirtualBox kernel: [    1.020741] PPP generic driver version 2.4.2
Mar 15 01:45:45 analyst-VirtualBox kernel: [    1.021205] VFIO - User Level meta-driver version: 0.3
Mar 15 01:45:45 analyst-VirtualBox kernel: [    1.021359] ehci_hcd: USB 2.0 'Enhanced' Host Controller (EHCI) Driver
Mar 15 01:45:45 analyst-VirtualBox kernel: [    1.021364] ehci-pci: EHCI PCI platform driver
Mar 15 01:45:45 analyst-VirtualBox kernel: [    1.021374] ehci-platform: EHCI generic platform driver
Mar 15 01:45:45 analyst-VirtualBox kernel: [    1.021381] ohci_hcd: USB 1.1 'Open' Host Controller (OHCI) Driver
Mar 15 01:45:45 analyst-VirtualBox kernel: [    1.021382] ohci-pci: OHCI PCI platform driver
Mar 15 01:45:45 analyst-VirtualBox kernel: [    1.022217] ohci-pci 0000:00:06.0: OHCI PCI host controller
Mar 15 01:45:45 analyst-VirtualBox kernel: [    1.022224] ohci-pci 0000:00:06.0: new USB bus registered, assigned bus number 1
Mar 15 01:45:45 analyst-VirtualBox kernel: [    1.022318] ohci-pci 0000:00:06.0: irq 22, io mem 0xf0804000
Mar 15 01:45:45 analyst-VirtualBox kernel: [    1.080197] usb usb1: New USB device found, idVendor=1d6b, idProduct=0001, bcdDevice= 5.04
Mar 15 01:45:45 analyst-VirtualBox kernel: [    1.080199] usb usb1: New USB device strings: Mfr=3, Product=2, SerialNumber=1
Mar 15 01:45:45 analyst-VirtualBox kernel: [    1.080200] usb usb1: Product: OHCI PCI host controller
Mar 15 01:45:45 analyst-VirtualBox kernel: [    1.080201] usb usb1: Manufacturer: Linux 5.4.0-58-generic ohci_hcd
Mar 15 01:45:45 analyst-VirtualBox kernel: [    1.080202] usb usb1: SerialNumber: 0000:00:06.0
Mar 15 01:45:45 analyst-VirtualBox kernel: [    1.080480] hub 1-0:1.0: USB hub found
Mar 15 01:45:45 analyst-VirtualBox kernel: [    1.080498] hub 1-0:1.0: 12 ports detected
Mar 15 01:45:45 analyst-VirtualBox kernel: [    1.080962] ohci-platform: OHCI generic platform driver
Mar 15 01:45:45 analyst-VirtualBox kernel: [    1.080974] uhci_hcd: USB Universal Host Controller Interface driver
Mar 15 01:45:45 analyst-VirtualBox kernel: [    1.081031] i8042: PNP: PS/2 Controller [PNP0303:PS2K,PNP0f03:PS2M] at 0x60,0x64 irq 1,12
Mar 15 01:45:45 analyst-VirtualBox kernel: [    1.081713] serio: i8042 KBD port at 0x60,0x64 irq 1
Mar 15 01:45:45 analyst-VirtualBox kernel: [    1.081717] serio: i8042 AUX port at 0x60,0x64 irq 12
Mar 15 01:45:45 analyst-VirtualBox kernel: [    1.082030] mousedev: PS/2 mouse device common for all mice
Mar 15 01:45:45 analyst-VirtualBox kernel: [    1.083095] rtc_cmos rtc_cmos: registered as rtc0
Mar 15 01:45:45 analyst-VirtualBox kernel: [    1.083115] rtc_cmos rtc_cmos: alarms up to one day, 114 bytes nvram
Mar 15 01:45:45 analyst-VirtualBox kernel: [    1.083121] i2c /dev entries driver
Mar 15 01:45:45 analyst-VirtualBox kernel: [    1.083237] device-mapper: uevent: version 1.0.3
Mar 15 01:45:45 analyst-VirtualBox kernel: [    1.083401] device-mapper: ioctl: 4.41.0-ioctl (2019-09-16) initialised: dm-devel@redhat.com
Mar 15 01:45:45 analyst-VirtualBox kernel: [    1.083428] platform eisa.0: Probing EISA bus 0
Mar 15 01:45:45 analyst-VirtualBox kernel: [    1.083430] platform eisa.0: EISA: Cannot allocate resource for mainboard
Mar 15 01:45:45 analyst-VirtualBox kernel: [    1.083431] platform eisa.0: Cannot allocate resource for EISA slot 1
Mar 15 01:45:45 analyst-VirtualBox kernel: [    1.083432] platform eisa.0: Cannot allocate resource for EISA slot 2
Mar 15 01:45:45 analyst-VirtualBox kernel: [    1.083433] platform eisa.0: Cannot allocate resource for EISA slot 3
Mar 15 01:45:45 analyst-VirtualBox kernel: [    1.083434] platform eisa.0: Cannot allocate resource for EISA slot 4
Mar 15 01:45:45 analyst-VirtualBox kernel: [    1.083435] platform eisa.0: Cannot allocate resource for EISA slot 5
Mar 15 01:45:45 analyst-VirtualBox kernel: [    1.083436] platform eisa.0: Cannot allocate resource for EISA slot 6
Mar 15 01:45:45 analyst-VirtualBox kernel: [    1.083437] platform eisa.0: Cannot allocate resource for EISA slot 7
Mar 15 01:45:45 analyst-VirtualBox kernel: [    1.083438] platform eisa.0: Cannot allocate resource for EISA slot 8
Mar 15 01:45:45 analyst-VirtualBox kernel: [    1.083439] platform eisa.0: EISA: Detected 0 cards
Mar 15 01:45:45 analyst-VirtualBox kernel: [    1.083441] intel_pstate: CPU model not supported
Mar 15 01:45:45 analyst-VirtualBox kernel: [    1.083684] input: AT Translated Set 2 keyboard as /devices/platform/i8042/serio0/input/input2
Mar 15 01:45:45 analyst-VirtualBox kernel: [    1.083808] ledtrig-cpu: registered to indicate activity on CPUs
Mar 15 01:45:45 analyst-VirtualBox kernel: [    1.083947] intel_pmc_core intel_pmc_core.0:  initialized
Mar 15 01:45:45 analyst-VirtualBox kernel: [    1.084062] drop_monitor: Initializing network drop monitor service
Mar 15 01:45:45 analyst-VirtualBox kernel: [    1.084256] NET: Registered protocol family 10
Mar 15 01:45:45 analyst-VirtualBox kernel: [    1.092686] Segment Routing with IPv6
Mar 15 01:45:45 analyst-VirtualBox kernel: [    1.092715] NET: Registered protocol family 17
Mar 15 01:45:45 analyst-VirtualBox kernel: [    1.092819] Key type dns_resolver registered
Mar 15 01:45:45 analyst-VirtualBox kernel: [    1.093643] RAS: Correctable Errors collector initialized.
Mar 15 01:45:45 analyst-VirtualBox kernel: [    1.093654] IPI shorthand broadcast: enabled
Mar 15 01:45:45 analyst-VirtualBox kernel: [    1.093659] sched_clock: Marking stable (1075410094, 18180664)->(1096220806, -2630048)
Mar 15 01:45:45 analyst-VirtualBox kernel: [    1.093991] registered taskstats version 1
Mar 15 01:45:45 analyst-VirtualBox kernel: [    1.094002] Loading compiled-in X.509 certificates
Mar 15 01:45:45 analyst-VirtualBox kernel: [    1.094833] Loaded X.509 cert 'Build time autogenerated kernel key: 6b3d3d266049f4a4077ed3557f79f9ce7832433a'
Mar 15 01:45:45 analyst-VirtualBox kernel: [    1.094862] zswap: loaded using pool lzo/zbud
Mar 15 01:45:45 analyst-VirtualBox kernel: [    1.095134] Key type ._fscrypt registered
Mar 15 01:45:45 analyst-VirtualBox kernel: [    1.095135] Key type .fscrypt registered
Mar 15 01:45:45 analyst-VirtualBox kernel: [    1.103228] Key type big_key registered
Mar 15 01:45:45 analyst-VirtualBox kernel: [    1.107276] Key type encrypted registered
Mar 15 01:45:45 analyst-VirtualBox kernel: [    1.107281] AppArmor: AppArmor sha1 policy hashing enabled
Mar 15 01:45:45 analyst-VirtualBox kernel: [    1.107289] ima: No TPM chip found, activating TPM-bypass!
Mar 15 01:45:45 analyst-VirtualBox kernel: [    1.107296] ima: Allocated hash algorithm: sha1
Mar 15 01:45:45 analyst-VirtualBox kernel: [    1.107302] ima: No architecture policies found
Mar 15 01:45:45 analyst-VirtualBox kernel: [    1.107311] evm: Initialising EVM extended attributes:
Mar 15 01:45:45 analyst-VirtualBox kernel: [    1.107311] evm: security.selinux
Mar 15 01:45:45 analyst-VirtualBox kernel: [    1.107312] evm: security.SMACK64
Mar 15 01:45:45 analyst-VirtualBox kernel: [    1.107312] evm: security.SMACK64EXEC
Mar 15 01:45:45 analyst-VirtualBox kernel: [    1.107313] evm: security.SMACK64TRANSMUTE
Mar 15 01:45:45 analyst-VirtualBox kernel: [    1.107313] evm: security.SMACK64MMAP
Mar 15 01:45:45 analyst-VirtualBox kernel: [    1.107314] evm: security.apparmor
Mar 15 01:45:45 analyst-VirtualBox kernel: [    1.107314] evm: security.ima
Mar 15 01:45:45 analyst-VirtualBox kernel: [    1.107315] evm: security.capability
Mar 15 01:45:45 analyst-VirtualBox kernel: [    1.107315] evm: HMAC attrs: 0x1
Mar 15 01:45:45 analyst-VirtualBox kernel: [    1.107632] PM:   Magic number: 13:870:769
Mar 15 01:45:45 analyst-VirtualBox kernel: [    1.107672] mem kmsg: hash matches
Mar 15 01:45:45 analyst-VirtualBox kernel: [    1.107678] pci 0000:00:05.0: hash matches
Mar 15 01:45:45 analyst-VirtualBox kernel: [    1.107820] rtc_cmos rtc_cmos: setting system clock to 2021-03-15T05:45:40 UTC (1615787140)
Mar 15 01:45:45 analyst-VirtualBox kernel: [    1.195318] ata2.00: ATAPI: VBOX CD-ROM, 1.0, max UDMA/133
Mar 15 01:45:45 analyst-VirtualBox kernel: [    1.196547] scsi 1:0:0:0: CD-ROM            VBOX     CD-ROM           1.0  PQ: 0 ANSI: 5
Mar 15 01:45:45 analyst-VirtualBox kernel: [    1.197786] sr 1:0:0:0: [sr0] scsi3-mmc drive: 32x/32x xa/form2 tray
Mar 15 01:45:45 analyst-VirtualBox kernel: [    1.197788] cdrom: Uniform CD-ROM driver Revision: 3.20
Mar 15 01:45:45 analyst-VirtualBox kernel: [    1.201338] sr 1:0:0:0: Attached scsi CD-ROM sr0
Mar 15 01:45:45 analyst-VirtualBox kernel: [    1.201518] sr 1:0:0:0: Attached scsi generic sg0 type 5
Mar 15 01:45:45 analyst-VirtualBox kernel: [    1.203000] Freeing unused decrypted memory: 2040K
Mar 15 01:45:45 analyst-VirtualBox kernel: [    1.203521] Freeing unused kernel image memory: 2720K
Mar 15 01:45:45 analyst-VirtualBox kernel: [    1.215434] Write protecting the kernel read-only data: 22528k
Mar 15 01:45:45 analyst-VirtualBox kernel: [    1.216306] Freeing unused kernel image memory: 2008K
Mar 15 01:45:45 analyst-VirtualBox kernel: [    1.216744] Freeing unused kernel image memory: 1212K
Mar 15 01:45:45 analyst-VirtualBox kernel: [    1.227000] x86/mm: Checked W+X mappings: passed, no W+X pages found.
Mar 15 01:45:45 analyst-VirtualBox kernel: [    1.227002] x86/mm: Checking user space page tables
Mar 15 01:45:45 analyst-VirtualBox kernel: [    1.237962] x86/mm: Checked W+X mappings: passed, no W+X pages found.
Mar 15 01:45:45 analyst-VirtualBox kernel: [    1.237967] Run /init as init process
Mar 15 01:45:45 analyst-VirtualBox kernel: [    1.347678] ACPI: Video Device [GFX0] (multi-head: yes  rom: no  post: no)
Mar 15 01:45:45 analyst-VirtualBox kernel: [    1.347935] input: Video Bus as /devices/LNXSYSTM:00/LNXSYBUS:00/PNP0A03:00/LNXVIDEO:00/input/input4
Mar 15 01:45:45 analyst-VirtualBox kernel: [    1.348022] piix4_smbus 0000:00:07.0: SMBus Host Controller at 0x4100, revision 0
Mar 15 01:45:45 analyst-VirtualBox kernel: [    1.352933] ahci 0000:00:0d.0: version 3.0
Mar 15 01:45:45 analyst-VirtualBox kernel: [    1.354172] ahci 0000:00:0d.0: SSS flag set, parallel bus scan disabled
Mar 15 01:45:45 analyst-VirtualBox kernel: [    1.354417] ahci 0000:00:0d.0: AHCI 0001.0100 32 slots 1 ports 3 Gbps 0x1 impl SATA mode
Mar 15 01:45:45 analyst-VirtualBox kernel: [    1.354420] ahci 0000:00:0d.0: flags: 64bit ncq stag only ccc 
Mar 15 01:45:45 analyst-VirtualBox kernel: [    1.357555] scsi host2: ahci
Mar 15 01:45:45 analyst-VirtualBox kernel: [    1.357696] ata3: SATA max UDMA/133 abar m8192@0xf0806000 port 0xf0806100 irq 21
Mar 15 01:45:45 analyst-VirtualBox kernel: [    1.358402] e1000: Intel(R) PRO/1000 Network Driver - version 7.3.21-k8-NAPI
Mar 15 01:45:45 analyst-VirtualBox kernel: [    1.358402] e1000: Copyright (c) 1999-2006 Intel Corporation.
Mar 15 01:45:45 analyst-VirtualBox kernel: [    1.543012] usb 1-1: new full-speed USB device number 2 using ohci-pci
Mar 15 01:45:45 analyst-VirtualBox kernel: [    1.557117] input: ImExPS/2 Generic Explorer Mouse as /devices/platform/i8042/serio1/input/input5
Mar 15 01:45:45 analyst-VirtualBox kernel: [    1.671427] ata3: SATA link up 3.0 Gbps (SStatus 123 SControl 300)
Mar 15 01:45:45 analyst-VirtualBox kernel: [    1.671577] ata3.00: ATA-6: VBOX HARDDISK, 1.0, max UDMA/133
Mar 15 01:45:45 analyst-VirtualBox kernel: [    1.671580] ata3.00: 54716576 sectors, multi 128: LBA48 NCQ (depth 32)
Mar 15 01:45:45 analyst-VirtualBox kernel: [    1.671760] ata3.00: configured for UDMA/133
Mar 15 01:45:45 analyst-VirtualBox kernel: [    1.671950] scsi 2:0:0:0: Direct-Access     ATA      VBOX HARDDISK    1.0  PQ: 0 ANSI: 5
Mar 15 01:45:45 analyst-VirtualBox kernel: [    1.672206] sd 2:0:0:0: [sda] 54716576 512-byte logical blocks: (28.0 GB/26.1 GiB)
Mar 15 01:45:45 analyst-VirtualBox kernel: [    1.672217] sd 2:0:0:0: [sda] Write Protect is off
Mar 15 01:45:45 analyst-VirtualBox kernel: [    1.672219] sd 2:0:0:0: [sda] Mode Sense: 00 3a 00 00
Mar 15 01:45:45 analyst-VirtualBox kernel: [    1.672236] sd 2:0:0:0: [sda] Write cache: enabled, read cache: enabled, doesn't support DPO or FUA
Mar 15 01:45:45 analyst-VirtualBox kernel: [    1.672386] sd 2:0:0:0: Attached scsi generic sg1 type 0
Mar 15 01:45:45 analyst-VirtualBox kernel: [    1.746389]  sda: sda1 sda2 < sda5 >
Mar 15 01:45:45 analyst-VirtualBox kernel: [    1.747385] sd 2:0:0:0: [sda] Attached SCSI disk
Mar 15 01:45:45 analyst-VirtualBox kernel: [    1.787676] e1000 0000:00:03.0 eth0: (PCI:33MHz:32-bit) 08:00:27:c4:d6:f5
Mar 15 01:45:45 analyst-VirtualBox kernel: [    1.787684] e1000 0000:00:03.0 eth0: Intel(R) PRO/1000 Network Connection
Mar 15 01:45:45 analyst-VirtualBox kernel: [    1.788940] e1000 0000:00:03.0 enp0s3: renamed from eth0
Mar 15 01:45:45 analyst-VirtualBox kernel: [    1.884327] usb 1-1: New USB device found, idVendor=80ee, idProduct=0021, bcdDevice= 1.00
Mar 15 01:45:45 analyst-VirtualBox kernel: [    1.884329] usb 1-1: New USB device strings: Mfr=1, Product=3, SerialNumber=0
Mar 15 01:45:45 analyst-VirtualBox kernel: [    1.884331] usb 1-1: Product: USB Tablet
Mar 15 01:45:45 analyst-VirtualBox kernel: [    1.884331] usb 1-1: Manufacturer: VirtualBox
Mar 15 01:45:45 analyst-VirtualBox kernel: [    1.895546] hidraw: raw HID events driver (C) Jiri Kosina
Mar 15 01:45:45 analyst-VirtualBox kernel: [    1.909290] usbcore: registered new interface driver usbhid
Mar 15 01:45:45 analyst-VirtualBox kernel: [    1.909292] usbhid: USB HID core driver
Mar 15 01:45:45 analyst-VirtualBox kernel: [    1.912706] input: VirtualBox USB Tablet as /devices/pci0000:00/0000:00:06.0/usb1/1-1/1-1:1.0/0003:80EE:0021.0001/input/input6
Mar 15 01:45:45 analyst-VirtualBox kernel: [    1.913072] hid-generic 0003:80EE:0021.0001: input,hidraw0: USB HID v1.10 Mouse [VirtualBox USB Tablet] on usb-0000:00:06.0-1/input0
Mar 15 01:45:45 analyst-VirtualBox kernel: [    2.100037] EXT4-fs (sda5): mounted filesystem with ordered data mode. Opts: (null)
Mar 15 01:45:45 analyst-VirtualBox kernel: [    2.388624] systemd[1]: Inserted module 'autofs4'
Mar 15 01:45:45 analyst-VirtualBox kernel: [    2.419506] systemd[1]: systemd 245.4-4ubuntu3.2 running in system mode. (+PAM +AUDIT +SELINUX +IMA +APPARMOR +SMACK +SYSVINIT +UTMP +LIBCRYPTSETUP +GCRYPT +GNUTLS +ACL +XZ +LZ4 +SECCOMP +BLKID +ELFUTILS +KMOD +IDN2 -IDN +PCRE2 default-hierarchy=hybrid)
Mar 15 01:45:45 analyst-VirtualBox kernel: [    2.419545] systemd[1]: Detected virtualization oracle.
Mar 15 01:45:45 analyst-VirtualBox kernel: [    2.419550] systemd[1]: Detected architecture x86-64.
Mar 15 01:45:45 analyst-VirtualBox kernel: [    2.445472] systemd[1]: Set hostname to <analyst-VirtualBox>.
Mar 15 01:45:45 analyst-VirtualBox kernel: [    2.639886] systemd[1]: /lib/systemd/system/dbus.socket:5: ListenStream= references a path below legacy directory /var/run/, updating /var/run/dbus/system_bus_socket  /run/dbus/system_bus_socket; please update the unit file accordingly.
Mar 15 01:45:45 analyst-VirtualBox kernel: [    2.814244] systemd[1]: Created slice system-modprobe.slice.
Mar 15 01:45:45 analyst-VirtualBox kernel: [    2.814495] systemd[1]: Created slice system-systemd\x2dfsck.slice.
Mar 15 01:45:45 analyst-VirtualBox kernel: [    2.814685] systemd[1]: Created slice User and Session Slice.
Mar 15 01:45:45 analyst-VirtualBox kernel: [    2.814753] systemd[1]: Started Forward Password Requests to Wall Directory Watch.
Mar 15 01:45:45 analyst-VirtualBox kernel: [    2.814983] systemd[1]: Set up automount Arbitrary Executable File Formats File System Automount Point.
Mar 15 01:45:45 analyst-VirtualBox kernel: [    2.815043] systemd[1]: Reached target User and Group Name Lookups.
Mar 15 01:45:45 analyst-VirtualBox kernel: [    2.815060] systemd[1]: Reached target Remote File Systems.
Mar 15 01:45:45 analyst-VirtualBox kernel: [    2.815069] systemd[1]: Reached target Slices.
Mar 15 01:45:45 analyst-VirtualBox kernel: [    2.815183] systemd[1]: Reached target System Time Set.
Mar 15 01:45:45 analyst-VirtualBox kernel: [    2.815197] systemd[1]: Reached target System Time Synchronized.
Mar 15 01:45:45 analyst-VirtualBox kernel: [    2.815368] systemd[1]: Listening on Syslog Socket.
Mar 15 01:45:45 analyst-VirtualBox kernel: [    2.815458] systemd[1]: Listening on fsck to fsckd communication Socket.
Mar 15 01:45:45 analyst-VirtualBox kernel: [    2.815515] systemd[1]: Listening on initctl Compatibility Named Pipe.
Mar 15 01:45:45 analyst-VirtualBox kernel: [    2.815716] systemd[1]: Listening on Journal Audit Socket.
Mar 15 01:45:45 analyst-VirtualBox kernel: [    2.815803] systemd[1]: Listening on Journal Socket (/dev/log).
Mar 15 01:45:45 analyst-VirtualBox kernel: [    2.815907] systemd[1]: Listening on Journal Socket.
Mar 15 01:45:45 analyst-VirtualBox kernel: [    2.816011] systemd[1]: Listening on udev Control Socket.
Mar 15 01:45:45 analyst-VirtualBox kernel: [    2.816130] systemd[1]: Listening on udev Kernel Socket.
Mar 15 01:45:45 analyst-VirtualBox kernel: [    2.817357] systemd[1]: Mounting Huge Pages File System...
Mar 15 01:45:45 analyst-VirtualBox kernel: [    2.818874] systemd[1]: Mounting POSIX Message Queue File System...
Mar 15 01:45:45 analyst-VirtualBox kernel: [    2.820862] systemd[1]: Mounting Kernel Debug File System...
Mar 15 01:45:45 analyst-VirtualBox kernel: [    2.823389] systemd[1]: Mounting Kernel Trace File System...
Mar 15 01:45:45 analyst-VirtualBox kernel: [    2.826878] systemd[1]: Starting Journal Service...
Mar 15 01:45:45 analyst-VirtualBox kernel: [    2.828398] systemd[1]: Starting Set the console keyboard layout...
Mar 15 01:45:45 analyst-VirtualBox kernel: [    2.830632] systemd[1]: Starting Create list of static device nodes for the current kernel...
Mar 15 01:45:45 analyst-VirtualBox kernel: [    2.832848] systemd[1]: Starting Load Kernel Module drm...
Mar 15 01:45:45 analyst-VirtualBox kernel: [    2.834871] systemd[1]: Condition check resulted in Set Up Additional Binary Formats being skipped.
Mar 15 01:45:45 analyst-VirtualBox kernel: [    2.835082] systemd[1]: Condition check resulted in File System Check on Root Device being skipped.
Mar 15 01:45:45 analyst-VirtualBox kernel: [    2.838452] systemd[1]: Starting Load Kernel Modules...
Mar 15 01:45:45 analyst-VirtualBox kernel: [    2.839929] systemd[1]: Starting Remount Root and Kernel File Systems...
Mar 15 01:45:45 analyst-VirtualBox kernel: [    2.841605] systemd[1]: Starting udev Coldplug all Devices...
Mar 15 01:45:45 analyst-VirtualBox kernel: [    2.843601] systemd[1]: Starting Uncomplicated firewall...
Mar 15 01:45:45 analyst-VirtualBox kernel: [    2.849945] systemd[1]: Mounted Huge Pages File System.
Mar 15 01:45:45 analyst-VirtualBox kernel: [    2.850135] systemd[1]: Mounted POSIX Message Queue File System.
Mar 15 01:45:45 analyst-VirtualBox kernel: [    2.850324] systemd[1]: Mounted Kernel Debug File System.
Mar 15 01:45:45 analyst-VirtualBox kernel: [    2.850491] systemd[1]: Mounted Kernel Trace File System.
Mar 15 01:45:45 analyst-VirtualBox kernel: [    2.851624] systemd[1]: Finished Create list of static device nodes for the current kernel.
Mar 15 01:45:45 analyst-VirtualBox kernel: [    2.856793] systemd[1]: Finished Uncomplicated firewall.
Mar 15 01:45:45 analyst-VirtualBox kernel: [    2.860219] EXT4-fs (sda5): re-mounted. Opts: errors=remount-ro
Mar 15 01:45:45 analyst-VirtualBox kernel: [    2.863117] systemd[1]: Finished Remount Root and Kernel File Systems.
Mar 15 01:45:45 analyst-VirtualBox kernel: [    2.864456] systemd[1]: Activating swap /swapfile...
Mar 15 01:45:45 analyst-VirtualBox kernel: [    2.869327] systemd[1]: Condition check resulted in Rebuild Hardware Database being skipped.
Mar 15 01:45:45 analyst-VirtualBox kernel: [    2.869409] systemd[1]: Condition check resulted in Platform Persistent Storage Archival being skipped.
Mar 15 01:45:45 analyst-VirtualBox kernel: [    2.870701] systemd[1]: Starting Load/Save Random Seed...
Mar 15 01:45:45 analyst-VirtualBox kernel: [    2.874078] systemd[1]: Starting Create System Users...
Mar 15 01:45:45 analyst-VirtualBox kernel: [    2.874710] systemd[1]: modprobe@drm.service: Succeeded.
Mar 15 01:45:45 analyst-VirtualBox kernel: [    2.875379] systemd[1]: Finished Load Kernel Module drm.
Mar 15 01:45:45 analyst-VirtualBox kernel: [    2.924133] systemd[1]: Finished Load/Save Random Seed.
Mar 15 01:45:45 analyst-VirtualBox kernel: [    2.925593] lp: driver loaded but no devices found
Mar 15 01:45:45 analyst-VirtualBox kernel: [    2.933369] systemd[1]: Finished Create System Users.
Mar 15 01:45:45 analyst-VirtualBox kernel: [    2.934761] systemd[1]: Starting Create Static Device Nodes in /dev...
Mar 15 01:45:45 analyst-VirtualBox kernel: [    2.948708] ppdev: user-space parallel port driver
Mar 15 01:45:45 analyst-VirtualBox kernel: [    2.971977] systemd[1]: Finished udev Coldplug all Devices.
Mar 15 01:45:45 analyst-VirtualBox kernel: [    2.979028] Adding 1243796k swap on /swapfile.  Priority:-2 extents:5 across:1276564k FS
Mar 15 01:45:45 analyst-VirtualBox kernel: [    2.979125] systemd[1]: Activated swap /swapfile.
Mar 15 01:45:45 analyst-VirtualBox kernel: [    2.979190] systemd[1]: Reached target Swap.
Mar 15 01:45:45 analyst-VirtualBox kernel: [    2.982736] systemd[1]: Finished Create Static Device Nodes in /dev.
Mar 15 01:45:45 analyst-VirtualBox kernel: [    2.984431] systemd[1]: Starting udev Kernel Device Manager...
Mar 15 01:45:45 analyst-VirtualBox kernel: [    3.005047] systemd[1]: Started Journal Service.
Mar 15 01:45:45 analyst-VirtualBox kernel: [    3.013044] [drm] DMA map mode: Caching DMA mappings.
Mar 15 01:45:45 analyst-VirtualBox kernel: [    3.013142] [drm] Capabilities:
Mar 15 01:45:45 analyst-VirtualBox kernel: [    3.013143] [drm]   Cursor.
Mar 15 01:45:45 analyst-VirtualBox kernel: [    3.013143] [drm]   Cursor bypass 2.
Mar 15 01:45:45 analyst-VirtualBox kernel: [    3.013144] [drm]   Alpha cursor.
Mar 15 01:45:45 analyst-VirtualBox kernel: [    3.013144] [drm]   3D.
Mar 15 01:45:45 analyst-VirtualBox kernel: [    3.013145] [drm]   Extended Fifo.
Mar 15 01:45:45 analyst-VirtualBox kernel: [    3.013145] [drm]   Pitchlock.
Mar 15 01:45:45 analyst-VirtualBox kernel: [    3.013145] [drm]   Irq mask.
Mar 15 01:45:45 analyst-VirtualBox kernel: [    3.013146] [drm]   GMR.
Mar 15 01:45:45 analyst-VirtualBox kernel: [    3.013146] [drm]   Traces.
Mar 15 01:45:45 analyst-VirtualBox kernel: [    3.013147] [drm]   GMR2.
Mar 15 01:45:45 analyst-VirtualBox kernel: [    3.013147] [drm]   Screen Object 2.
Mar 15 01:45:45 analyst-VirtualBox kernel: [    3.013148] [drm] Max GMR ids is 8192
Mar 15 01:45:45 analyst-VirtualBox kernel: [    3.013149] [drm] Max number of GMR pages is 1048576
Mar 15 01:45:45 analyst-VirtualBox kernel: [    3.013149] [drm] Max dedicated hypervisor surface memory is 507904 kiB
Mar 15 01:45:45 analyst-VirtualBox kernel: [    3.013150] [drm] Maximum display memory size is 16384 kiB
Mar 15 01:45:45 analyst-VirtualBox kernel: [    3.013151] [drm] VRAM at 0xe0000000 size is 16384 kiB
Mar 15 01:45:45 analyst-VirtualBox kernel: [    3.013151] [drm] MMIO at 0xf0000000 size is 2048 kiB
Mar 15 01:45:45 analyst-VirtualBox kernel: [    3.016524] [TTM] Zone  kernel: Available graphics memory: 2015128 KiB
Mar 15 01:45:45 analyst-VirtualBox kernel: [    3.016526] [TTM] Initializing pool allocator
Mar 15 01:45:45 analyst-VirtualBox kernel: [    3.016531] [TTM] Initializing DMA pool allocator
